04-13 15:40:26.536 14372 14418 W unknown:ViewManagerPropertyUpdater: Could not find generated setter for class com.swmansion.rnscreens.ScreenStackViewManager
04-13 15:40:26.537 14372 14418 W unknown:ViewManagerPropertyUpdater: Could not find generated setter for class com.reactnativecommunity.picker.ReactDropdownPickerManager
04-13 15:40:26.541 14372 14418 W unknown:ViewManagerPropertyUpdater: Could not find generated setter for class com.swmansion.rnscreens.gamma.tabs.TabsHostViewManager
04-13 15:40:26.608 14372 14418 W unknown:ViewManagerPropertyUpdater: Could not find generated setter for class com.facebook.react.views.debuggingoverlay.DebuggingOverlayManager
04-13 15:40:26.617 14372 14418 W unknown:ViewManagerPropertyUpdater: Could not find generated setter for class com.swmansion.gesturehandler.react.RNGestureHandlerButtonViewManager
04-13 15:40:26.626 14372 14418 W unknown:ViewManagerPropertyUpdater: Could not find generated setter for class com.facebook.react.views.safeareaview.ReactSafeAreaViewManager
04-13 15:40:26.633 14372 14418 W unknown:ViewManagerPropertyUpdater: Could not find generated setter for class com.facebook.react.views.modal.ReactModalHostManager
04-13 15:40:26.642 14372 14418 W unknown:ViewManagerPropertyUpdater: Could not find generated setter for class com.facebook.react.views.text.frescosupport.FrescoBasedReactTextInlineImageViewManager
04-13 15:40:26.643 14372 14418 W unknown:ViewManagerPropertyUpdater: Could not find generated setter for class com.facebook.react.views.text.frescosupport.FrescoBasedReactTextInlineImageShadowNode
04-13 15:40:26.651 14372 14418 W unknown:ViewManagerPropertyUpdater: Could not find generated setter for class com.facebook.react.views.progressbar.ReactProgressBarViewManager
04-13 15:40:26.652 14372 14418 W unknown:ViewManagerPropertyUpdater: Could not find generated setter for class com.facebook.react.views.progressbar.ProgressBarShadowNode
04-13 15:40:26.663 14372 14418 W unknown:ViewManagerPropertyUpdater: Could not find generated setter for class com.facebook.react.views.scroll.ReactHorizontalScrollViewManager
04-13 15:40:26.675 14372 14418 W unknown:ViewManagerPropertyUpdater: Could not find generated setter for class com.facebook.react.views.image.ReactImageManager
04-13 15:40:26.688 14372 14418 W unknown:ViewManagerPropertyUpdater: Could not find generated setter for class com.facebook.react.views.text.ReactTextViewManager
04-13 15:40:26.691 14372 14418 W unknown:ViewManagerPropertyUpdater: Could not find generated setter for class com.facebook.react.views.text.ReactTextShadowNode
04-13 15:40:26.699 14372 14418 W unknown:ViewManagerPropertyUpdater: Could not find generated setter for class com.facebook.react.views.scroll.ReactHorizontalScrollContainerViewManager
04-13 15:40:26.706 14372 14418 W unknown:ViewManagerPropertyUpdater: Could not find generated setter for class com.facebook.react.views.unimplementedview.ReactUnimplementedViewManager
04-13 15:40:26.714 14372 14418 W unknown:ViewManagerPropertyUpdater: Could not find generated setter for class com.facebook.react.views.scroll.ReactScrollViewManager
04-13 15:40:26.722 14372 14418 W unknown:ViewManagerPropertyUpdater: Could not find generated setter for class com.facebook.react.views.view.ReactViewManager
04-13 15:40:26.728 14372 14418 W unknown:ViewManagerPropertyUpdater: Could not find generated setter for class com.facebook.react.views.drawer.ReactDrawerLayoutManager
04-13 15:40:26.736 14372 14418 W unknown:ViewManagerPropertyUpdater: Could not find generated setter for class com.facebook.react.views.switchview.ReactSwitchManager
04-13 15:40:26.744 14372 14418 W unknown:ViewManagerPropertyUpdater: Could not find generated setter for class com.facebook.react.views.switchview.ReactSwitchShadowNode
04-13 15:40:26.752 14372 14418 W unknown:ViewManagerPropertyUpdater: Could not find generated setter for class com.facebook.react.views.swiperefresh.SwipeRefreshLayoutManager
04-13 15:40:26.768 14372 14418 W unknown:ViewManagerPropertyUpdater: Could not find generated setter for class com.facebook.react.views.textinput.ReactTextInputManager
04-13 15:40:26.774 14372 14418 W unknown:ViewManagerPropertyUpdater: Could not find generated setter for class com.facebook.react.views.textinput.ReactTextInputShadowNode
04-13 15:40:26.783 14372 14418 W unknown:ViewManagerPropertyUpdater: Could not find generated setter for class com.swmansion.gesturehandler.react.RNGestureHandlerRootViewManager
04-13 15:40:27.034 14372 14418 I ReactNativeJS: Running "MyProject" with {"rootTag":1,"initialProps":{},"fabric":true}
04-13 15:40:27.112 14372 14418 E ReactNativeJS: [TypeError: Cannot read property 'S' of undefined]
04-13 15:40:27.113 14372 14418 E ReactNativeJS: [TypeError: Cannot read property 'default' of undefined]
04-13 15:40:27.117 14372 14418 D CompatibilityChangeReporter: Compat change id reported: 289878283; UID 10193; state: ENABLED
04-13 15:40:27.158 14372 14434 D TrafficStats: tagSocket(120) with statsTag=0xffffffff, statsUid=-1
04-13 15:40:27.160 14372 14432 D TrafficStats: tagSocket(121) with statsTag=0xffffffff, statsUid=-1
04-13 15:40:27.161 14372 14433 D TrafficStats: tagSocket(122) with statsTag=0xffffffff, statsUid=-1
04-13 15:40:27.359 14372 14372 W unknown:BridgelessReact: ReactHost{0}.startSurface(surfaceId = 0): Schedule
04-13 15:40:27.360 14372 14372 W unknown:BridgelessReact: ReactHost{0}.attachSurface(surfaceId = 0)
04-13 15:40:27.361 14372 14405 W unknown:BridgelessReact: ReactHost{0}.getOrCreateReactInstanceTask()
04-13 15:40:27.361 14372 14405 W unknown:BridgelessReact: ReactHost{0}.startSurface(surfaceId = 0): Execute
04-13 15:40:27.390   570  1792 D CoreBackPreview: Window{cabef49 u0 com.myproject/com.myproject.MainActivity}: Setting back callback OnBackInvokedCallbackInfo{mCallback=android.window.IOnBackInvokedCallback$Stub$Proxy@168a98b, mPriority=0, mIsAnimationCallback=false}
04-13 15:40:27.392 14372 14418 E ReactNativeJS: [TypeError: Cannot read property 'S' of undefined]
04-13 15:40:27.393 14372 14418 E ReactNativeJS: [TypeError: Cannot read property 'default' of undefined]
04-13 15:40:27.404 14372 14372 W unknown:ViewManagerPropertyUpdater: Could not find generated setter for class com.facebook.react.uimanager.RootViewManager
04-13 15:40:27.483 14372 14393 E OpenGLRenderer: Unable to match the desired swap behavior.
04-13 15:40:27.592   570  1792 I ImeTracker: com.myproject:22cf259e: onRequestHide at ORIGIN_SERVER_HIDE_INPUT reason HIDE_UNSPECIFIED_WINDOW
04-13 15:40:27.592   570  1792 I ImeTracker: com.myproject:22cf259e: onCancelled at PHASE_SERVER_SHOULD_HIDE
04-13 15:40:27.595  1501  1501 I GoogleInputMethodService: GoogleInputMethodService.onFinishInput():3227 
04-13 15:40:27.597  1501  1501 I GoogleInputMethodService: GoogleInputMethodService.updateDeviceLockedStatus():2087 repeatCheckTimes = 0, unlocked = true
04-13 15:40:27.598  1501  1501 I GoogleInputMethodService: GoogleInputMethodService.onStartInput():1877 onStartInput(EditorInfo{inputType=0x0(NULL) imeOptions=0x0 privateImeOptions=null actionName=UNSPECIFIED actionLabel=null actionId=0 initialSelStart=-1 initialSelEnd=-1 initialCapsMode=0x0 hintText=null label=null packageName=com.myproject fieldId=0 fieldName=null extras=null}, false)
04-13 15:40:27.598  1501  1501 I GoogleInputMethodService: GoogleInputMethodService.shouldHideHeaderOnInitialState():4008 ShouldHideHeaderOnInitialState = false
04-13 15:40:27.599  1501  1501 I GoogleInputMethodService: GoogleInputMethodService.updateDeviceLockedStatus():2087 repeatCheckTimes = 2, unlocked = true
04-13 15:40:27.981 14372 14436 D ProfileInstaller: Installing profile for com.myproject
04-13 15:40:28.872   808   808 D StatusBarIconController: ignoring old pipeline callbacks, because the new mobile icons are enabled
04-13 15:40:29.809 13791 13917 D BtGatt.ScanManager: uid 10128 isForeground true scanMode -1
04-13 15:40:38.872   808   808 D StatusBarIconController: ignoring old pipeline callbacks, because the new mobile icons are enabled
04-13 15:40:38.893   808   890 D EGL_emulation: app_time_stats: avg=3111.75ms min=65.12ms max=15247.61ms count=5
04-13 15:40:48.871   808   808 D StatusBarIconController: ignoring old pipeline callbacks, because the new mobile icons are enabled
04-13 15:40:58.872   808   808 D StatusBarIconController: ignoring old pipeline callbacks, because the new mobile icons are enabled
04-13 15:40:58.890   808   890 D EGL_emulation: app_time_stats: avg=19996.63ms min=19996.63ms max=19996.63ms count=1
04-13 15:41:00.006  1626  1948 I AiAiEcho: Predicting[0]: 
04-13 15:41:00.007  1626  1948 I AiAiEcho: EchoTargets: 
04-13 15:41:00.007  1626  1948 I AiAiEcho: Filtered by AiAi flag check: 
04-13 15:41:00.007  1626  1948 I AiAiEcho: Ranked targets strategy: SORT, count: 0, ranking metadata: 
04-13 15:41:00.008  1626  1948 I AiAiEcho: #postPredictionTargets: Sending updates to UISurface lockscreen with targets# 0 (types=[])
04-13 15:41:00.025   808   890 D EGL_emulation: app_time_stats: avg=1133.90ms min=1133.90ms max=1133.90ms count=1
04-13 15:41:00.027   808   808 W PageIndicator: Total number of pages invalid: 0. Assuming 1 page.
04-13 15:41:04.923   570   670 W CpuMonitorService: Current CPU frequency (3891752) is greater than maximum CPU frequency (2) for policy ID (3). Skipping CPU frequency policy
04-13 15:41:08.872   808   808 D StatusBarIconController: ignoring old pipeline callbacks, because the new mobile icons are enabled
04-13 15:41:16.587   570  1792 D WifiNl80211Manager: Scan result ready event
04-13 15:41:16.588   570  1792 D WifiNative: Scan result ready event
04-13 15:41:18.873   808   808 D StatusBarIconController: ignoring old pipeline callbacks, because the new mobile icons are enabled
04-13 15:41:28.872   808   808 D StatusBarIconController: ignoring old pipeline callbacks, because the new mobile icons are enabled
04-13 15:41:38.872   808   808 D StatusBarIconController: ignoring old pipeline callbacks, because the new mobile icons are enabled
04-13 15:41:48.873   808   808 D StatusBarIconController: ignoring old pipeline callbacks, because the new mobile icons are enabled
04-13 15:41:58.873   808   808 D StatusBarIconController: ignoring old pipeline callbacks, because the new mobile icons are enabled
04-13 15:42:00.007  1626  1948 I AiAiEcho: Predicting[0]: 
04-13 15:42:00.007  1626  1948 I AiAiEcho: EchoTargets: 
04-13 15:42:00.007  1626  1948 I AiAiEcho: Filtered by AiAi flag check: 
04-13 15:42:00.008  1626  1948 I AiAiEcho: Ranked targets strategy: SORT, count: 0, ranking metadata: 
04-13 15:42:00.010  1626  1948 I AiAiEcho: #postPredictionTargets: Sending updates to UISurface lockscreen with targets# 0 (types=[])
04-13 15:42:00.026   808   890 D EGL_emulation: app_time_stats: avg=60000.64ms min=60000.64ms max=60000.64ms count=1
04-13 15:42:00.028   808   808 W PageIndicator: Total number of pages invalid: 0. Assuming 1 page.
04-13 15:42:05.024   570   670 W CpuMonitorService: Current CPU frequency (3575893) is greater than maximum CPU frequency (2) for policy ID (1). Skipping CPU frequency policy
04-13 15:42:05.025   570   670 W CpuMonitorService: Current CPU frequency (3821559) is greater than maximum CPU frequency (2) for policy ID (3). Skipping CPU frequency policy
04-13 15:42:08.873   808   808 D StatusBarIconController: ignoring old pipeline callbacks, because the new mobile icons are enabled
04-13 15:42:18.873   808   808 D StatusBarIconController: ignoring old pipeline callbacks, because the new mobile icons are enabled
04-13 15:42:28.873   808   808 D StatusBarIconController: ignoring old pipeline callbacks, because the new mobile icons are enabled
04-13 15:42:38.873   808   808 D StatusBarIconController: ignoring old pipeline callbacks, because the new mobile icons are enabled
04-13 15:42:40.254     0     0 I logd    : logdr: UID=2000 GID=2000 PID=14438 n tail=0 logMask=99 pid=0 start=0ns deadline=0ns
04-13 15:42:48.881   808   808 D StatusBarIconController: ignoring old pipeline callbacks, because the new mobile icons are enabled
04-13 15:42:51.235     0     0 I logd    : logdr: UID=2000 GID=2000 PID=14441 n tail=0 logMask=99 pid=0 start=0ns deadline=0ns
04-13 15:42:58.875   808   808 D StatusBarIconController: ignoring old pipeline callbacks, because the new mobile icons are enabled
04-13 15:42:58.891   808   890 D EGL_emulation: app_time_stats: avg=58864.98ms min=58864.98ms max=58864.98ms count=1
04-13 15:43:00.005  1626  1948 I AiAiEcho: Predicting[0]: 
04-13 15:43:00.006  1626  1948 I AiAiEcho: EchoTargets: 
04-13 15:43:00.006  1626  1948 I AiAiEcho: Filtered by AiAi flag check: 
04-13 15:43:00.006  1626  1948 I AiAiEcho: Ranked targets strategy: SORT, count: 0, ranking metadata: 
04-13 15:43:00.007  1626  1948 I AiAiEcho: #postPredictionTargets: Sending updates to UISurface lockscreen with targets# 0 (types=[])
04-13 15:43:00.025   808   890 D EGL_emulation: app_time_stats: avg=1133.07ms min=1133.07ms max=1133.07ms count=1
04-13 15:43:00.027   808   808 W PageIndicator: Total number of pages invalid: 0. Assuming 1 page.
04-13 15:43:05.075   570   670 W CpuMonitorService: Current CPU frequency (3836610) is greater than maximum CPU frequency (2) for policy ID (1). Skipping CPU frequency policy
04-13 15:43:05.075   570   670 W CpuMonitorService: Current CPU frequency (4158045) is greater than maximum CPU frequency (2) for policy ID (2). Skipping CPU frequency policy
04-13 15:43:05.076   570   670 W CpuMonitorService: Current CPU frequency (3683519) is greater than maximum CPU frequency (2) for policy ID (3). Skipping CPU frequency policy
04-13 15:43:08.874   808   808 D StatusBarIconController: ignoring old pipeline callbacks, because the new mobile icons are enabled
