--------- beginning of system
04-13 15:40:04.561   570  1791 W ActivityTaskManager: callingPackage for (uid=2000, pid=14351) has no WPC
--------- beginning of main
04-13 15:40:04.564   808   831 D KeyguardService: setOccluded(false)
04-13 15:40:04.565   808   831 D KeyguardViewMediator: setOccluded(false)
04-13 15:40:04.565 14265 14265 W unknown:BridgelessReact: ReactHost{0}.onHostPause(activity)
04-13 15:40:04.566   808   808 D KeyguardViewMediator: handleSetOccluded(false)
04-13 15:40:04.566   570  1791 I ActivityTaskManager: START u0 {flg=0x10000000 cmp=com.myproject/.MainActivity} with LAUNCH_SINGLE_TASK from uid 2000 (BAL_ALLOW_PERMISSION) result code=3
04-13 15:40:04.567   808   846 D WindowManagerShell: onActivityRestartAttempt: ComponentInfo{com.myproject/com.myproject.MainActivity}
04-13 15:40:04.568 14265 14265 W unknown:BridgelessReact: ReactHost{0}.ReactContext.onHostPause()
04-13 15:40:04.572 14265 14265 W unknown:BridgelessReact: ReactHost{0}.onHostResume(activity)
04-13 15:40:04.577 14265 14265 W unknown:BridgelessReact: ReactHost{0}.ReactContext.onHostResume()
04-13 15:40:04.584 14265 14354 D TrafficStats: tagSocket(80) with statsTag=0xffffffff, statsUid=-1
--------- beginning of kernel
04-13 15:40:06.592     0     0 I logd    : logdr: UID=2000 GID=2000 PID=14356 n tail=0 logMask=99 pid=0 start=0ns deadline=0ns
04-13 15:40:08.670   570   674 D ActivityManager: freezing 6746 com.google.android.apps.wellbeing
04-13 15:40:08.672   570   674 D ActivityManager: freezing 13985 com.android.keychain
04-13 15:40:08.871   808   808 D StatusBarIconController: ignoring old pipeline callbacks, because the new mobile icons are enabled
04-13 15:40:09.568   570   597 E BLASTSyncEngine: WM sent Transaction to organized, but never received commit callback. Application ANR likely to follow.
04-13 15:40:18.872   808   808 D StatusBarIconController: ignoring old pipeline callbacks, because the new mobile icons are enabled
04-13 15:40:18.874   808   890 D EGL_emulation: app_time_stats: avg=18849.37ms min=18849.37ms max=18849.37ms count=1
04-13 15:40:20.763   570  1493 I ActivityManager: Force stopping com.myproject appid=10193 user=0: from pid 14361
04-13 15:40:20.770   570  1493 I ActivityManager: Killing 14265:com.myproject/u0a193 (adj 0): stop com.myproject due to from pid 14361
04-13 15:40:20.773   570  1493 W ActivityTaskManager: Force removing ActivityRecord{6594c08 u0 com.myproject/.MainActivity t132 f}}: app died, no saved state
04-13 15:40:20.774   570   595 D DisplayManagerService: Drop pending events for gone uid 10193
04-13 15:40:20.776   808   846 V WindowManagerShell: Transition requested: android.os.BinderProxy@3424478 TransitionRequestInfo { type = CLOSE, triggerTask = TaskInfo{userId=0 taskId=132 displayId=0 isRunning=false baseIntent=Intent { act=android.intent.action.MAIN cat=[android.intent.category.LAUNCHER] flg=0x10000000 cmp=com.myproject/.MainActivity } baseActivity=null topActivity=null origActivity=null realActivity=ComponentInfo{com.myproject/com.myproject.MainActivity} numActivities=0 lastActiveTime=18921687 supportsMultiWindow=true resizeMode=1 isResizeable=true minWidth=-1 minHeight=-1 defaultMinSize=220 token=WCT{android.window.IWindowContainerToken$Stub$Proxy@e3e751} topActivityType=1 pictureInPictureParams=null shouldDockBigOverlays=false launchIntoPipHostTaskId=-1 lastParentTaskIdBeforePip=-1 displayCutoutSafeInsets=Rect(0, 136 - 0, 0) topActivityInfo=null launchCookies=[] positionInParent=Point(0, 0) parentTaskId=-1 isFocused=true isVisible=true isVisibleRequested=true isSleeping=false topActivityInSizeCompat=false topActivityEligibleForLetterboxEducation= false topActivityLetterboxed= false isFromDoubleTap= false topActivityLetterboxVerticalPosition= -1 topActivityLetterboxHorizontalPosition= -1 topActivityLetterboxWidth=-1 topActivityLetterboxHeight=-1 locusId=null displayAreaFeatureId=1 cameraCompatControlState=hidden}, remoteTransition = null, displayChange = null }
04-13 15:40:20.801   570  1493 I AppsFilter: interaction: PackageSetting{ad6f5fe com.shopai/10192} -> PackageSetting{fd6d5a6 com.myproject/10193} BLOCKED
04-13 15:40:20.805   426   426 I BpBinder: onLastStrongRef automatically unlinking death recipients: 
04-13 15:40:20.807  1065  1065 D AutofillManager: view is not autofillable - activity denied for autofill
04-13 15:40:20.811   570  1697 W AppSearchIcing: icing-search-engine.cc:283: Error: 5, Message: Document (com.google.android.googlequicksearchbox$OneSearchZeroStateGoogleSuggestions/default, zp) not found.
04-13 15:40:20.817   570   651 I ImeTracker: com.myproject:4c3ba639: onRequestHide at ORIGIN_SERVER_HIDE_INPUT reason HIDE_REMOVE_CLIENT
04-13 15:40:20.817   570   651 I ImeTracker: com.myproject:4c3ba639: onCancelled at PHASE_SERVER_SHOULD_HIDE
04-13 15:40:20.819   360   360 I Zygote  : Process 14265 exited due to signal 9 (Killed)
04-13 15:40:20.824  1065  1914 D OneSearchSuggestProvider: Created the binder channel successfully for end point service =com.google.android.apps.search.googleapp.search.suggest.plugins.onesearch.server.OneSearchSuggestService , mChannel=z1{delegate=s1{logId=77, target=directaddress:///AndroidComponentAddress%5BIntent%20%7B%20act=grpc.io.action.BIND%20cmp=com.google.android.googlequicksearchbox/com.google.android.apps.search.googleapp.search.suggest.plugins.onesearch.server.OneSearchSuggestService%20%7D%5D}} , mOneSearchConnection=X1.T@5d4656d
04-13 15:40:20.834  1626  1948 I AiAiEcho: Predicting[0]: 
04-13 15:40:20.834  1626  1948 I AiAiEcho: EchoTargets: 
04-13 15:40:20.834  1626  1948 I AiAiEcho: Filtered by AiAi flag check: 
04-13 15:40:20.834  1626  1948 I AiAiEcho: Ranked targets strategy: SORT, count: 0, ranking metadata: 
04-13 15:40:20.836  1626  1948 I AiAiEcho: #postPredictionTargets: Sending updates to UISurface home with targets# 0 (types=[])
04-13 15:40:20.840   570  2205 W ProcessStats: Tracking association SourceState{2761993 com.google.android.googlequicksearchbox:search/10132 BTop #13431} whose proc state 2 is better than process ProcessState{c5cd0a3 com.google.android.gms.persistent/10128 pkg=com.google.android.gms} proc state 4 (47 skipped)
04-13 15:40:20.841   570  2202 V ActivityManager: Got obituary of 14265:com.myproject
04-13 15:40:20.844 13791 13917 D BtGatt.ScanManager: uid 10128 isForeground true scanMode -1
04-13 15:40:20.866   570   598 W WindowManager: Failed to deliver inset control state change to w=Window{5606840 u0 com.myproject/com.myproject.MainActivity}
04-13 15:40:20.866   570   598 W WindowManager: android.os.DeadObjectException
04-13 15:40:20.866   570   598 W WindowManager: 	at android.os.BinderProxy.transactNative(Native Method)
04-13 15:40:20.866   570   598 W WindowManager: 	at android.os.BinderProxy.transact(BinderProxy.java:584)
04-13 15:40:20.866   570   598 W WindowManager: 	at android.view.IWindow$Stub$Proxy.insetsControlChanged(IWindow.java:479)
04-13 15:40:20.866   570   598 W WindowManager: 	at com.android.server.wm.WindowState.notifyInsetsControlChanged(WindowState.java:3802)
04-13 15:40:20.866   570   598 W WindowManager: 	at com.android.server.wm.InsetsStateController.lambda$notifyPendingInsetsControlChanged$3(InsetsStateController.java:343)
04-13 15:40:20.866   570   598 W WindowManager: 	at com.android.server.wm.InsetsStateController.$r8$lambda$8yykPRG1GyNq_J17QvL9d5xANMc(InsetsStateController.java:0)
04-13 15:40:20.866   570   598 W WindowManager: 	at com.android.server.wm.InsetsStateController$$ExternalSyntheticLambda2.run(R8$$SyntheticClass:0)
04-13 15:40:20.866   570   598 W WindowManager: 	at com.android.server.wm.WindowAnimator.executeAfterPrepareSurfacesRunnables(WindowAnimator.java:294)
04-13 15:40:20.866   570   598 W WindowManager: 	at com.android.server.wm.WindowAnimator.animate(WindowAnimator.java:202)
04-13 15:40:20.866   570   598 W WindowManager: 	at com.android.server.wm.WindowAnimator.lambda$new$1(WindowAnimator.java:99)
04-13 15:40:20.866   570   598 W WindowManager: 	at com.android.server.wm.WindowAnimator.$r8$lambda$aHNu1uhcqxihX5NZc4McDDQPAyw(WindowAnimator.java:0)
04-13 15:40:20.866   570   598 W WindowManager: 	at com.android.server.wm.WindowAnimator$$ExternalSyntheticLambda1.doFrame(R8$$SyntheticClass:0)
04-13 15:40:20.866   570   598 W WindowManager: 	at android.view.Choreographer$CallbackRecord.run(Choreographer.java:1337)
04-13 15:40:20.866   570   598 W WindowManager: 	at android.view.Choreographer$CallbackRecord.run(Choreographer.java:1348)
04-13 15:40:20.866   570   598 W WindowManager: 	at android.view.Choreographer.doCallbacks(Choreographer.java:952)
04-13 15:40:20.866   570   598 W WindowManager: 	at android.view.Choreographer.doFrame(Choreographer.java:878)
04-13 15:40:20.866   570   598 W WindowManager: 	at android.view.Choreographer$FrameDisplayEventReceiver.run(Choreographer.java:1322)
04-13 15:40:20.866   570   598 W WindowManager: 	at android.os.Handler.handleCallback(Handler.java:958)
04-13 15:40:20.866   570   598 W WindowManager: 	at android.os.Handler.dispatchMessage(Handler.java:99)
04-13 15:40:20.866   570   598 W WindowManager: 	at android.os.Looper.loopOnce(Looper.java:205)
04-13 15:40:20.866   570   598 W WindowManager: 	at android.os.Looper.loop(Looper.java:294)
04-13 15:40:20.866   570   598 W WindowManager: 	at android.os.HandlerThread.run(HandlerThread.java:67)
04-13 15:40:20.866   570   598 W WindowManager: 	at com.android.server.ServiceThread.run(ServiceThread.java:46)
04-13 15:40:20.868   570  2183 I WindowManager: WIN DEATH: Window{5606840 u0 com.myproject/com.myproject.MainActivity}
04-13 15:40:20.868   570  2183 W InputManager-JNI: Input channel object '5606840 com.myproject/com.myproject.MainActivity (client)' was disposed without first being removed with the input manager!
04-13 15:40:20.873  1019  1019 D CarrierSvcBindHelper: onHandleForceStop: [com.myproject]
04-13 15:40:20.880  1019  1019 D CarrierSvcBindHelper: No carrier app for: 0
04-13 15:40:20.882  1804  2549 E OpenGLRenderer: Unable to match the desired swap behavior.
04-13 15:40:20.888   570   597 V WindowManager: Unknown focus tokens, dropping reportFocusChanged
04-13 15:40:20.889   570  2201 I WindowManager: WIN DEATH: Window{640f557 u0 com.myproject/com.myproject.MainActivity}
04-13 15:40:20.890   570  2201 W InputManager-JNI: Input channel object '640f557 com.myproject/com.myproject.MainActivity (client)' was disposed without first being removed with the input manager!
04-13 15:40:20.945  1065  1796 E OpenGLRenderer: Unable to match the desired swap behavior.
04-13 15:40:20.996   570  1792 W ActivityTaskManager: callingPackage for (uid=2000, pid=14369) has no WPC
04-13 15:40:21.027   570  1792 I ActivityTaskManager: Add Task{7ba7723 #132 type=standard A=10193:com.myproject} to hidden list because adding Task{3aafe30 #133 type=standard A=10193:com.myproject}
04-13 15:40:21.030   570  1792 I ActivityTaskManager: START u0 {flg=0x10000000 cmp=com.myproject/.MainActivity} with LAUNCH_SINGLE_TASK from uid 2000 (BAL_ALLOW_PERMISSION) result code=0
04-13 15:40:21.036   808   869 D SplashScreenView: Build android.window.SplashScreenView{dbeb0b7 V.E...... ......ID 0,0-0,0}
04-13 15:40:21.036   808   869 D SplashScreenView: Icon: view: null drawable: null size: 0
04-13 15:40:21.036   808   869 D SplashScreenView: Branding: view: android.view.View{8933024 G.ED..... ......I. 0,0-0,0 #10204ef android:id/splashscreen_branding_view} drawable: null size w: 0 h: 0
04-13 15:40:21.043  1804  1804 I A       : Created gRPC endpoint to "search" for service class com.google.android.apps.search.googleapp.search.suggest.plugins.onesearch.server.OneSearchSuggestService
04-13 15:40:21.044   570   597 D CompatibilityChangeReporter: Compat change id reported: 135634846; UID 10193; state: DISABLED
04-13 15:40:21.047   570   607 D CompatibilityChangeReporter: Compat change id reported: 143937733; UID 10193; state: ENABLED
04-13 15:40:21.055   360   360 D Zygote  : Forked child process 14372
04-13 15:40:21.057   570   607 I ActivityManager: Start proc 14372:com.myproject/u0a193 for next-top-activity {com.myproject/com.myproject.MainActivity}
04-13 15:40:21.059   570  2190 D CoreBackPreview: Window{df9cd5c u0 Splash Screen com.myproject}: Setting back callback OnBackInvokedCallbackInfo{mCallback=android.window.IOnBackInvokedCallback$Stub$Proxy@15de9eb, mPriority=0, mIsAnimationCallback=false}
04-13 15:40:21.095 14372 14372 I com.myproject: Late-enabling -Xcheck:jni
04-13 15:40:21.097  1804  1804 W A       : Can't get WAA status for Mavatar!
04-13 15:40:21.097  1804  1804 W A       : java.lang.NullPointerException: Attempt to invoke virtual method 'java.lang.Class java.lang.Object.getClass()' on a null object reference
04-13 15:40:21.097  1804  1804 W A       : 	at com.google.apps.tiktok.dataservice.z.b(PG:1)
04-13 15:40:21.097  1804  1804 W A       : 	at com.google.apps.tiktok.dataservice.at.a(PG:1)
04-13 15:40:21.097  1804  1804 W A       : 	at com.google.apps.tiktok.tracing.ec.a(PG:2)
04-13 15:40:21.097  1804  1804 W A       : 	at com.google.common.util.concurrent.aj.a(PG:2)
04-13 15:40:21.097  1804  1804 W A       : 	at com.google.common.util.concurrent.ac.apply(PG:1)
04-13 15:40:21.097  1804  1804 W A       : 	at com.google.common.util.concurrent.h.e(PG:2)
04-13 15:40:21.097  1804  1804 W A       : 	at com.google.common.util.concurrent.j.run(PG:9)
04-13 15:40:21.097  1804  1804 W A       : 	at com.google.common.util.concurrent.bf.execute(PG:1)
04-13 15:40:21.097  1804  1804 W A       : 	at com.google.common.util.concurrent.d.i(PG:1)
04-13 15:40:21.097  1804  1804 W A       : 	at com.google.common.util.concurrent.d.iq(PG:5)
04-13 15:40:21.097  1804  1804 W A       : 	at com.google.common.util.concurrent.j.h(PG:2)
04-13 15:40:21.097  1804  1804 W A       : 	at com.google.common.util.concurrent.ax.d(PG:1)
04-13 15:40:21.097  1804  1804 W A       : 	at com.google.apps.tiktok.dataservice.au.a(PG:5)
04-13 15:40:21.097  1804  1804 W A       : 	at com.google.apps.tiktok.dataservice.dr.c(PG:5)
04-13 15:40:21.097  1804  1804 W A       : 	at com.google.apps.tiktok.dataservice.dp.run(PG:6)
04-13 15:40:21.097  1804  1804 W A       : 	at com.google.apps.tiktok.concurrent.ak.run(PG:6)
04-13 15:40:21.097  1804  1804 W A       : 	at com.google.apps.tiktok.tracing.ei.run(PG:2)
04-13 15:40:21.097  1804  1804 W A       : 	at java.util.concurrent.Executors$RunnableAdapter.call(Executors.java:487)
04-13 15:40:21.097  1804  1804 W A       : 	at com.google.common.util.concurrent.dy.a(PG:1)
04-13 15:40:21.097  1804  1804 W A       : 	at com.google.common.util.concurrent.cv.run(PG:4)
04-13 15:40:21.097  1804  1804 W A       : 	at com.google.common.util.concurrent.dz.run(PG:1)
04-13 15:40:21.097  1804  1804 W A       : 	at android.os.Handler.handleCallback(Handler.java:958)
04-13 15:40:21.097  1804  1804 W A       : 	at android.os.Handler.dispatchMessage(Handler.java:99)
04-13 15:40:21.097  1804  1804 W A       : 	at android.os.Looper.loopOnce(Looper.java:205)
04-13 15:40:21.097  1804  1804 W A       : 	at android.os.Looper.loop(Looper.java:294)
04-13 15:40:21.097  1804  1804 W A       : 	at android.app.ActivityThread.main(ActivityThread.java:8177)
04-13 15:40:21.097  1804  1804 W A       : 	at java.lang.reflect.Method.invoke(Native Method)
04-13 15:40:21.097  1804  1804 W A       : 	at com.android.internal.os.RuntimeInit$MethodAndArgsCaller.run(RuntimeInit.java:552)
04-13 15:40:21.097  1804  1804 W A       : 	at com.android.internal.os.ZygoteInit.main(ZygoteInit.java:971)
04-13 15:40:21.105   808   890 E OpenGLRenderer: Unable to match the desired swap behavior.
04-13 15:40:21.113 14372 14372 I com.myproject: Using CollectorTypeCC GC.
04-13 15:40:21.114 14372 14372 W com.myproject: Unexpected CPU variant for x86: x86_64.
04-13 15:40:21.114 14372 14372 W com.myproject: Known variants: atom, sandybridge, silvermont, goldmont, goldmont-plus, tremont, kabylake, default
04-13 15:40:21.169   442   455 I adbd    : jdwp connection from 14372
04-13 15:40:21.197   570   598 W WindowManager: Failed to deliver inset control state change to w=Window{640f557 u0 com.myproject/com.myproject.MainActivity EXITING}
04-13 15:40:21.197   570   598 W WindowManager: android.os.DeadObjectException
04-13 15:40:21.197   570   598 W WindowManager: 	at android.os.BinderProxy.transactNative(Native Method)
04-13 15:40:21.197   570   598 W WindowManager: 	at android.os.BinderProxy.transact(BinderProxy.java:584)
04-13 15:40:21.197   570   598 W WindowManager: 	at android.view.IWindow$Stub$Proxy.insetsControlChanged(IWindow.java:479)
04-13 15:40:21.197   570   598 W WindowManager: 	at com.android.server.wm.WindowState.notifyInsetsControlChanged(WindowState.java:3802)
04-13 15:40:21.197   570   598 W WindowManager: 	at com.android.server.wm.InsetsStateController.lambda$notifyPendingInsetsControlChanged$3(InsetsStateController.java:343)
04-13 15:40:21.197   570   598 W WindowManager: 	at com.android.server.wm.InsetsStateController.$r8$lambda$8yykPRG1GyNq_J17QvL9d5xANMc(InsetsStateController.java:0)
04-13 15:40:21.197   570   598 W WindowManager: 	at com.android.server.wm.InsetsStateController$$ExternalSyntheticLambda2.run(R8$$SyntheticClass:0)
04-13 15:40:21.197   570   598 W WindowManager: 	at com.android.server.wm.WindowAnimator.executeAfterPrepareSurfacesRunnables(WindowAnimator.java:294)
04-13 15:40:21.197   570   598 W WindowManager: 	at com.android.server.wm.WindowAnimator.animate(WindowAnimator.java:202)
04-13 15:40:21.197   570   598 W WindowManager: 	at com.android.server.wm.WindowAnimator.lambda$new$1(WindowAnimator.java:99)
04-13 15:40:21.197   570   598 W WindowManager: 	at com.android.server.wm.WindowAnimator.$r8$lambda$aHNu1uhcqxihX5NZc4McDDQPAyw(WindowAnimator.java:0)
04-13 15:40:21.197   570   598 W WindowManager: 	at com.android.server.wm.WindowAnimator$$ExternalSyntheticLambda1.doFrame(R8$$SyntheticClass:0)
04-13 15:40:21.197   570   598 W WindowManager: 	at android.view.Choreographer$CallbackRecord.run(Choreographer.java:1337)
04-13 15:40:21.197   570   598 W WindowManager: 	at android.view.Choreographer$CallbackRecord.run(Choreographer.java:1348)
04-13 15:40:21.197   570   598 W WindowManager: 	at android.view.Choreographer.doCallbacks(Choreographer.java:952)
04-13 15:40:21.197   570   598 W WindowManager: 	at android.view.Choreographer.doFrame(Choreographer.java:878)
04-13 15:40:21.197   570   598 W WindowManager: 	at android.view.Choreographer$FrameDisplayEventReceiver.run(Choreographer.java:1322)
04-13 15:40:21.197   570   598 W WindowManager: 	at android.os.Handler.handleCallback(Handler.java:958)
04-13 15:40:21.197   570   598 W WindowManager: 	at android.os.Handler.dispatchMessage(Handler.java:99)
04-13 15:40:21.197   570   598 W WindowManager: 	at android.os.Looper.loopOnce(Looper.java:205)
04-13 15:40:21.197   570   598 W WindowManager: 	at android.os.Looper.loop(Looper.java:294)
04-13 15:40:21.197   570   598 W WindowManager: 	at android.os.HandlerThread.run(HandlerThread.java:67)
04-13 15:40:21.197   570   598 W WindowManager: 	at com.android.server.ServiceThread.run(ServiceThread.java:46)
04-13 15:40:21.225 14372 14372 D CompatibilityChangeReporter: Compat change id reported: 171979766; UID 10193; state: ENABLED
04-13 15:40:21.226 14372 14372 D CompatibilityChangeReporter: Compat change id reported: 242716250; UID 10193; state: ENABLED
04-13 15:40:21.240  1065  1065 D SearchTargetUtil:  query= size=8
04-13 15:40:21.240  1065  1065 D SearchTargetUtil: layoutType=short_icon_row resultType=131072 packageName=com.google.android.googlequicksearchbox extras=Bundle{suggestion_type=33,suggest_truncate_start=false,is_answer=false,is_entity=false,is_personal=false,suggest_raw_text=hungary election results,group_id=web314065,response_id=1cfda856-971b-4527-ad26-e591da257a39,support_query_builder=false,} searchAction=hungary election results searchActionExtras=Bundle{learn_more_url=https://support.google.com/websearch/answer/106230?hl=106230,suggestion_action_text=Report this,should_start_for_result=true,allow_pinning=true,skip_logging_in_target_handler=false,suggestion_action_rpc=2,}ParentID: null targetID: e44757b2-27a9-4bfb-84f3-319ceb1dce10
04-13 15:40:21.241  1065  1065 D SearchTargetUtil: layoutType=short_icon_row resultType=131072 packageName=com.google.android.googlequicksearchbox extras=Bundle{suggestion_type=33,suggest_truncate_start=false,is_answer=false,is_entity=false,is_personal=false,suggest_raw_text=wordle hints,group_id=web314065,response_id=1cfda856-971b-4527-ad26-e591da257a39,support_query_builder=false,} searchAction=wordle hints searchActionExtras=Bundle{learn_more_url=https://support.google.com/websearch/answer/106230?hl=106230,suggestion_action_text=Report this,should_start_for_result=true,allow_pinning=true,skip_logging_in_target_handler=false,suggestion_action_rpc=2,}ParentID: null targetID: 1db998da-e1f0-497e-9960-4d621e7653ec
04-13 15:40:21.242  1065  1065 D SearchTargetUtil: layoutType=extra_tall_icon_row resultType=131072 packageName=com.google.android.googlequicksearchbox extras=Bundle{bitmap_url=data:image/jpeg;base64,/9j/4AAQSkZJRgABAQAAAQABAAD/2wCEAAkGBwgHBgkIBwgKCgkLDRYPDQwMDRsUFRAWIB0iIiAdHx8kKDQsJCYxJx8fLT0tMTU3Ojo6Iys/RD84QzQ5OjcBCgoKDQwNGg8PGjclHyU3Nzc3Nzc3Nzc3Nzc3Nzc3Nzc3Nzc3Nzc3Nzc3Nzc3Nzc3Nzc3Nzc3Nzc3Nzc3Nzc3N//AABEIAIYAhgMBIgACEQEDEQH/xAAbAAACAgMBAAAAAAAAAAAAAAAFBgQHAAEDAv/EAEIQAAECBAMFBAkCAwUJAAAAAAECAwAEBRESITEGE0FRYSJxgZEHFDJCobHB0fAjUmJy4RUkM1OiFyU0Q4KSssLx/8QAGAEAAwEBAAAAAAAAAAAAAAAAAgMEAQD/xAAhEQACAgICAgMBAAAAAAAAAAAAAQIRAyESMUFREyIyBP/aAAwDAQACEQMRAD8AsbY+Wfpmz1HknWELQ3K712Yvkgquqwyz1ih9pJtmpbS1KalXFuy700440o+8CYuzbmqy9G2UqDsrM3xoEmw22oANqItlbO4Fz4RQ0oyXFYUkpGmmvd1hcgpeEMOzdLXUphpN7MoviwjIdO/OLISpmUZKG8KWmha2gvygDQWRI09CGkoS4sZWtxGt4izs0ZuZwjGZNg2CQk/qr4nPh9O+FjYxpBdVRU8cTfZaJsk8Vd3TzvG5ZRmn0CxIBteIKRvbOLQpN9Lj2vCJ9NTY3CSkARzdBpWRahgFxnlp2reNoEFCisqbccBHEqIA8oY5mZbaJS4yrPU47Wjg45KFreBSVIvYqCiLHkq97fLlHJnSVAdM280cDpUU8N4Lj+nhHv1wtOAKKmz7qxmLcjxgg4xLkA9oC3Zum2vUZeOQiIunmxDS0qbBvgXl5Ece6Os5HduoZBawL3sVDS/5wMTGpu6gbix4j+v58IXCFyrmBskjQpVcHqLWzj21NBCcbCwb5lPA93Lu+UCaHXnPU1F1vNgnE4hOqP4x9R+H3OtM1WTVKPKBxpu24nMpPA9eR8uMC2Z0OJxDS1rcUmIzc4ZV8IvZBJKP4TxHd/TlGI5oK7KSsxRdjtrpt0FLm7LCL53KUkXvx9sDw6xUqpZRSUjjlpeLgr9SS9sHPyzYGJ1xty9syApN/IJisUYUlKr6EHW1oOUuiOa4uiwPTeMM5Q2h7ksvpxTw8IyJHppbxVGkuZWMusA+I+8ZA5JVIBkX01TzLbVGpsq2htGFcwtCNM7JT/7wiUNvfTjSDdSjmRoAIYfS/MKf21eSq12GGmhY65Yr/wCqBWzaN0h2YWMrAJztc3/rDJuh8ftINVqtKk5YpYNnneykgkWHPxiJSVKcLad2ggZJASO0fGFyYml1CqqWFXSDhRyueNvAmHmiNpkmEvlIL7n+ElQ9hP7iOZhTdFKVsMtyZShImFpKyL4LX+Ayg9TpQlFyT5QPpMgpxW/ezOt1ZkwzNIS0gCAcrGxhQEqlNS6gmw6ZQsJSJGZWHUqUlXZUgaKHHUw/uqCgdLQBq1PRMoNteYjFKgnHkhbc3shMKbl5guIICgh5JGJB0IOefXmI8qnkYyCrCrS6srjxGfxiZOySDJJC2UqdYPZI1wnh5/MwNVLb1kFgqURq2pZxDu5jpDOaYhwaMefBQUTLSXWz76Bp3jh4Zd0C5u8v2wsuNKzS5xB/i+/SOD82JdRSpKk87DTwiMZoNkrYUVNrzU3a4PUZ/ny4EkMTqsYwnt6dFdPt5RMm3BNSyXG12ORvyPA994Au4Eq3rBJYXqm9yg/b/wCcomykyEkpd/6wTqDx/O/nAs1BuiTQm2nZRz2VouEnhwI/PrClUmjLuuNW0JSc9InsPLp9YbN+zvQT3KyPxwnxiRtJJqeq8q22k3nXEtgpzN1G31g0hOaNqyyp+h/7Q9m6HUpaaEq4hpSVl1q9zklQyP7kmMgJ6Vdpp3Z2bp1CoU0uTaYlgte5ABOqUjusD5xkOajeye0JnpDmUubaVhwNlOGYwDGb2wpCcvK/jENUyZSjFY1KrJJzztr8TEvbagVkbRVWbXTJ/wBWcm3VIeUwspKSokZ8oDVsKTIyjYBwm6lDrl94CY/D2dtk2A++p18HdtjGojLjp45Dzh6oYM9NlxwXzyFoVZNoyEg3KgAOuWUvvOnkL+cWDslKJYlE2F3DqYnk7dlkVWhkl0hDQGlhHRTthrnGt3btE/aPQZQRcgeMBsaiIp5RJva0eSrEnkOFokKQnMJAy5RyXhEdQRDWwkk3HtAgwHmpBIN0iys72/OkMYKVjsgjvjwttJJJzMdRgi1WQ9aSQ6P7x7rgHtd8Jsyw9IukFN0KzKUnXqnkYuR+nodR2hc90AKvs23NAqCCFdOfONUnHsXPGpFdMm/bbsb68j+fnERNwJLaXUC6NBzQeR6a/GPFTpUzSJgrUFFu9iRlfkY9yi0quQPaHaToF/aGd7Qiq7IVYXZhp8E4kdk315g/C3eIedn2BV6lQ1FKVlM00slR/b2ie/KEWuslMm8E3KVJuk268fH5w5ejGdQibkFrPsrw9BqPkYYvAEl2gX6W3DNbeT9swyltrXkgH5qMaiJtasvbS1N5wLUVzTnatY5KI+kZHSeyMYZT0k7StOkqfYeQVZJca06XFoB7Q1D+39oEOutIQo7teFAsDbXzygSXswLi48IbKNK05VOcceZKqk8gqbe/ywkAYRyuT+WjJybKv51bYvzkwmWeSgm7yzdZ5dBFo7LNqEgyVcU+UVDLU+ZmawhKkrUS4LqI1zi50sCUkW8JViSB2RC5qiqDsIzc9LSKR6wsJB0J0jmmoyzqbtupz5GANRW8+0d+8yw2RkHDmruEI043T23Veq1ZsOaFKFKAPhwjFsNui0Hpge4fERHEwCbk5c4r6Qn5yXsRMF1HMHEIaaSt2dRiIIytmNIBhp2GUzAzsY9Nv3UbwKqG9kmitWgzhVnaxNvBRl3VIsTdQNraR3nZzdFjomEW7agO8xpybk9N+i/DOKkYnHHnME7tEy2L6KeEMFPpss9+pKVFMxxu08CPhlB0khXO2M1dkW56SVusJXbsqGYMVmtgS7qt2MFlWW0dAeYP59YsqltLQ2oLdX1SrQiFLbOn+ruesNghDl0rtw5GOj3oGe9i1Vnv93uArISpPsq+n55xL2BmcLjdznvMr9coXqot9LCm0OKI0UD73OJuyT27VcZWcSYc1SE3bJVZGCpzV7qWXVHMX4mMjttaHGKqp5sBSXEjLrp9PnGo5KyScfsBErKlgczDnsxidXUmziCUhpaLDS4z/wDFMJ0skb5F+fGHbYx0Krk8wg4lKlSU2H7Vf1jpa2U4Fugzs7St9VQ6oWSg30zhynpV55siXWL21t98oh0FhLUtvAO2o5iDou4nUAW1OflCpO2VRXErme2XfTM+szz5mmibraC8KVfzH3u7TpCrNUKb3u6La1MC6EjEnDbgba3i5JuWUrPeHvxH7wIep76lcVC371WHxjVNxVHSxctldGhuieDkglbTQACkLULHnxy8Lw+7KM4CtK7lI5xIapSU9t0JHEAQRpUuG1rNusC3bGRjQD2zbKmEttHCk5ZQiT1GdeUjCoqYQTdAVYqMWbWWkOu2toBcRBbprbqUkHhnfQwMXs2UbK1rNECnGzJyzjKMISpFgnMfMGJNK2XW4hstK9WmUqKt8lWg/aYsJNIvYKaSoDLsuKT8AYKSNObY9lvD3rUo/Ew35L0J+BJ2BaLIVBtnBNqbmCP+Y2oXt1A1j1tLTRNUxxJupSRiBA1hlcbTkq+Y0v8AeIk9hKTcZcYWg2tFITUqkIcWtQIQk2Cu6INC7JeANiLEX74J7YMKlJ5bSF3ZcVxztA2mow7/AInd4rdxv9Iof5JUtjHX2969LuCxJbzChccIyOk6EuIl
04-13 15:40:21.243 14372 14372 W ziparchive: Unable to open '/data/app/~~qkp3uS6dHuFb5wYmf7_QNg==/com.myproject-u8HuwEzgRe0TW7NanwILQw==/base.dm': No such file or directory
04-13 15:40:21.248 14372 14372 W ziparchive: Unable to open '/data/app/~~qkp3uS6dHuFb5wYmf7_QNg==/com.myproject-u8HuwEzgRe0TW7NanwILQw==/base.dm': No such file or directory
04-13 15:40:21.249  1065  1065 D SearchTargetUtil: layoutType=short_icon_row resultType=131072 packageName=com.google.android.googlequicksearchbox extras=Bundle{suggestion_type=33,suggest_truncate_start=false,is_answer=false,is_entity=false,is_personal=false,suggest_raw_text=cyclone vaianu,group_id=web314065,response_id=1cfda856-971b-4527-ad26-e591da257a39,support_query_builder=false,} searchAction=cyclone vaianu searchActionExtras=Bundle{learn_more_url=https://support.google.com/websearch/answer/106230?hl=106230,suggestion_action_text=Report this,should_start_for_result=true,allow_pinning=true,skip_logging_in_target_handler=false,suggestion_action_rpc=2,}ParentID: null targetID: 207bc6fa-ce57-4fa9-b0b1-c9d521ee899f
04-13 15:40:21.249  1065  1065 D SearchTargetUtil: layoutType=short_icon_row resultType=131072 packageName=com.google.android.googlequicksearchbox extras=Bundle{suggestion_type=33,suggest_truncate_start=false,is_answer=false,is_entity=false,is_personal=false,suggest_raw_text=sydney sweeney euphoria season 3,group_id=web314065,response_id=1cfda856-971b-4527-ad26-e591da257a39,support_query_builder=false,} searchAction=sydney sweeney euphoria season 3 searchActionExtras=Bundle{learn_more_url=https://support.google.com/websearch/answer/106230?hl=106230,suggestion_action_text=Report this,should_start_for_result=true,allow_pinning=true,skip_logging_in_target_handler=false,suggestion_action_rpc=2,}ParentID: null targetID: 38a98bb3-9bcc-4131-b470-dd214f6b1240
04-13 15:40:21.250  1065  1065 D SearchTargetUtil: layoutType=short_icon_row resultType=131072 packageName=com.google.android.googlequicksearchbox extras=Bundle{suggestion_type=33,suggest_truncate_start=false,is_answer=false,is_entity=false,is_personal=false,suggest_raw_text=jiri prochazka vs carlos ulberg,group_id=web314065,response_id=1cfda856-971b-4527-ad26-e591da257a39,support_query_builder=false,} searchAction=jiri prochazka vs carlos ulberg searchActionExtras=Bundle{learn_more_url=https://support.google.com/websearch/answer/106230?hl=106230,suggestion_action_text=Report this,should_start_for_result=true,allow_pinning=true,skip_logging_in_target_handler=false,suggestion_action_rpc=2,}ParentID: null targetID: cda3f7b7-6aba-46d3-a74c-fa58e77d4b58
04-13 15:40:21.250  1065  1065 D SearchTargetUtil: layoutType=short_icon_row resultType=131072 packageName=com.google.android.googlequicksearchbox extras=Bundle{suggestion_type=33,suggest_truncate_start=false,is_answer=false,is_entity=false,is_personal=false,suggest_raw_text=nyt connections hints,group_id=web314065,response_id=1cfda856-971b-4527-ad26-e591da257a39,support_query_builder=false,} searchAction=nyt connections hints searchActionExtras=Bundle{learn_more_url=https://support.google.com/websearch/answer/106230?hl=106230,suggestion_action_text=Report this,should_start_for_result=true,allow_pinning=true,skip_logging_in_target_handler=false,suggestion_action_rpc=2,}ParentID: null targetID: da2a3a52-3ed2-4beb-a046-2da48ef8a081
04-13 15:40:21.251  1065  1065 D SearchTargetUtil: layoutType=short_icon_row resultType=131072 packageName=com.google.android.googlequicksearchbox extras=Bundle{suggestion_type=33,suggest_truncate_start=false,is_answer=false,is_entity=false,is_personal=false,suggest_raw_text=super typhoon sinlaku,group_id=web314065,response_id=1cfda856-971b-4527-ad26-e591da257a39,support_query_builder=false,} searchAction=super typhoon sinlaku searchActionExtras=Bundle{learn_more_url=https://support.google.com/websearch/answer/106230?hl=106230,suggestion_action_text=Report this,should_start_for_result=true,allow_pinning=true,skip_logging_in_target_handler=false,suggestion_action_rpc=2,}ParentID: null targetID: 378faafd-9de3-42ee-8deb-4e47171a8e16
04-13 15:40:21.255   570   594 V WindowManager: Sent Transition #41 createdAt=04-13 15:40:20.773 via request=TransitionRequestInfo { type = CLOSE, triggerTask = TaskInfo{userId=0 taskId=132 displayId=0 isRunning=false baseIntent=Intent { act=android.intent.action.MAIN cat=[android.intent.category.LAUNCHER] flg=0x10000000 cmp=com.myproject/.MainActivity } baseActivity=null topActivity=null origActivity=null realActivity=ComponentInfo{com.myproject/com.myproject.MainActivity} numActivities=0 lastActiveTime=18921687 supportsMultiWindow=true resizeMode=1 isResizeable=true minWidth=-1 minHeight=-1 defaultMinSize=220 token=WCT{RemoteToken{64e6fd9 Task{7ba7723 #132 type=standard A=10193:com.myproject}}} topActivityType=1 pictureInPictureParams=null shouldDockBigOverlays=false launchIntoPipHostTaskId=-1 lastParentTaskIdBeforePip=-1 displayCutoutSafeInsets=Rect(0, 136 - 0, 0) topActivityInfo=null launchCookies=[] positionInParent=Point(0, 0) parentTaskId=-1 isFocused=true isVisible=true isVisibleRequested=true isSleeping=false topActivityInSizeCompat=false topActivityEligibleForLetterboxEducation= false topActivityLetterboxed= false isFromDoubleTap= false topActivityLetterboxVerticalPosition= -1 topActivityLetterboxHorizontalPosition= -1 topActivityLetterboxWidth=-1 topActivityLetterboxHeight=-1 locusId=null displayAreaFeatureId=1 cameraCompatControlState=hidden}, remoteTransition = null, displayChange = null }
04-13 15:40:21.255   426   426 E BpTransactionCompletedListener: Failed to transact (-32)
04-13 15:40:21.255   808   846 V WindowManagerShell: onTransitionReady android.os.BinderProxy@3424478: {id=41 t=CLOSE f=0x0 trk=0 r=[0@Point(0, 0)] c=[{WCT{android.window.IWindowContainerToken$Stub$Proxy@e0bbba8} m=OPEN f=MOVE_TO_TOP leash=Surface(name=Task=133)/@0xa1a5fbc sb=Rect(0, 0 - 1080, 2340) eb=Rect(0, 0 - 1080, 2340) d=0},{WCT{android.window.IWindowContainerToken$Stub$Proxy@a1c46c1} m=CLOSE f=NONE leash=Surface(name=Task=132)/@0xdce3b45 sb=Rect(0, 0 - 1080, 2340) eb=Rect(0, 0 - 1080, 2340) d=0},{null m=TO_FRONT f=IS_WALLPAPER leash=Surface(name=WallpaperWindowToken{db9484a token=android.os.Binder@56719b5})/@0x33c729a sb=Rect(0, 0 - 1080, 2340) eb=Rect(0, 0 - 1080, 2340) d=0}]}
04-13 15:40:21.255   570   594 V WindowManager:     startWCT=WindowContainerTransaction { changes = {} hops = [] errorCallbackToken=null taskFragmentOrganizer=null }
04-13 15:40:21.255   808   846 V WindowManagerShell: Playing animation for (#41)android.os.BinderProxy@3424478@0
04-13 15:40:21.256   808   846 V WindowManagerShell:  try handler com.android.wm.shell.transition.DefaultMixedHandler@bd78fc4
04-13 15:40:21.256   808   846 V WindowManagerShell:  try handler com.android.wm.shell.keyguard.KeyguardTransitionHandler@e2e1ead
04-13 15:40:21.256   570   594 V WindowManager:     info={id=41 t=CLOSE f=0x0 trk=0 r=[0@Point(0, 0)] c=[{WCT{RemoteToken{61b74d5 Task{3aafe30 #133 type=standard A=10193:com.myproject}}} m=OPEN f=MOVE_TO_TOP leash=Surface(name=Task=133)/@0xa539abf sb=Rect(0, 0 - 1080, 2340) eb=Rect(0, 0 - 1080, 2340) d=0},{WCT{RemoteToken{64e6fd9 Task{7ba7723 #132 type=standard A=10193:com.myproject}}} m=CLOSE f=NONE leash=Surface(name=Task=132)/@0x9ddf425 sb=Rect(0, 0 - 1080, 2340) eb=Rect(0, 0 - 1080, 2340) d=0},{null m=TO_FRONT f=IS_WALLPAPER leash=Surface(name=WallpaperWindowToken{db9484a token=android.os.Binder@56719b5})/@0xde9a0bd sb=Rect(0, 0 - 1080, 2340) eb=Rect(0, 0 - 1080, 2340) d=0}]}
04-13 15:40:21.256   808   846 V WindowManagerShell:  try handler com.android.wm.shell.activityembedding.ActivityEmbeddingController@dc9f5e2
04-13 15:40:21.257   808   846 V WindowManagerShell:  try handler com.android.wm.shell.recents.RecentsTransitionHandler@6b4bd73
04-13 15:40:21.257   808   846 V ShellRecents: RecentsTransitionHandler.startAnimation: no controller found
04-13 15:40:21.257   808   846 V WindowManagerShell:  try handler com.android.wm.shell.pip.PipTransition@69fe430
04-13 15:40:21.257   808   846 V WindowManagerShell:  try handler com.android.wm.shell.splitscreen.StageCoordinator@6baf8a9
04-13 15:40:21.258   808   846 V WindowManagerShell:  try handler com.android.wm.shell.transition.RemoteTransitionHandler@1158e2e
04-13 15:40:21.258   808   846 V WindowManagerShell: Transition doesn't have explicit remote, search filters for match for {id=41 t=CLOSE f=0x0 trk=0 r=[0@Point(0, 0)] c=[{WCT{android.window.IWindowContainerToken$Stub$Proxy@e0bbba8} m=OPEN f=MOVE_TO_TOP leash=Surface(name=Task=133)/@0xa1a5fbc sb=Rect(0, 0 - 1080, 2340) eb=Rect(0, 0 - 1080, 2340) d=0},{WCT{android.window.IWindowContainerToken$Stub$Proxy@a1c46c1} m=CLOSE f=NONE leash=Surface(name=Task=132)/@0xdce3b45 sb=Rect(0, 0 - 1080, 2340) eb=Rect(0, 0 - 1080, 2340) d=0},{null m=TO_FRONT f=IS_WALLPAPER leash=Surface(name=WallpaperWindowToken{db9484a token=android.os.Binder@56719b5})/@0x33c729a sb=Rect(0, 0 - 1080, 2340) eb=Rect(0, 0 - 1080, 2340) d=0}]}
04-13 15:40:21.258   808   846 V WindowManagerShell:  Checking filter Pair{{types=[] flags=0x0] notFlags=0x0 checks=[{atype=dream independent=true modes=[OPEN,TO_FRONT] flags=NONE mustBeTask=false order=ANY topActivity=null},{atype=home independent=true modes=[CLOSE,TO_BACK] flags=NONE mustBeTask=false order=ANY topActivity=null}]} RemoteTransition { remoteTransition = android.window.IRemoteTransition$Stub$Proxy@17d7ce7, appThread = android.app.IApplicationThread$Stub$Proxy@26c094, debugName = LauncherToDream }}
04-13 15:40:21.259   808   846 V WindowManagerShell:  Checking filter Pair{{types=[] flags=0x0] notFlags=0x100 checks=[{atype=home independent=true modes=[OPEN,TO_FRONT] flags=NONE mustBeTask=false order=TOP topActivity=ComponentInfo{com.google.android.apps.nexuslauncher/com.google.android.apps.nexuslauncher.NexusLauncherActivity}},{atype=standard independent=true modes=[CLOSE,TO_BACK] flags=NONE mustBeTask=false order=ANY topActivity=null}]} RemoteTransition { remoteTransition = android.window.IRemoteTransition$Stub$Proxy@5a5473d, appThread = android.app.IApplicationThread$Stub$Proxy@9421b32, debugName = QuickstepLaunchHome }}
04-13 15:40:21.260   808   846 V WindowManagerShell:  Delegate animation for #41 to null
04-13 15:40:21.260   808   846 V WindowManagerShell:  try handler com.android.wm.shell.transition.DefaultTransitionHandler@4b867eb
04-13 15:40:21.260   808   846 V WindowManagerShell: start default transition animation, info = {id=41 t=CLOSE f=0x0 trk=0 r=[0@Point(0, 0)] c=[{WCT{android.window.IWindowContainerToken$Stub$Proxy@e0bbba8} m=OPEN f=MOVE_TO_TOP leash=Surface(name=Task=133)/@0xa1a5fbc sb=Rect(0, 0 - 1080, 2340) eb=Rect(0, 0 - 1080, 2340) d=0},{WCT{android.window.IWindowContainerToken$Stub$Proxy@a1c46c1} m=CLOSE f=NONE leash=Surface(name=Task=132)/@0xdce3b45 sb=Rect(0, 0 - 1080, 2340) eb=Rect(0, 0 - 1080, 2340) d=0},{null m=TO_FRONT f=IS_WALLPAPER leash=Surface(name=WallpaperWindowToken{db9484a token=android.os.Binder@56719b5})/@0x33c729a sb=Rect(0, 0 - 1080, 2340) eb=Rect(0, 0 - 1080, 2340) d=0}]}
04-13 15:40:21.265   808   846 V WindowManagerShell: loadAnimation: anim=android.view.animation.AnimationSet@d34ea54 animAttr=0xb type=CLOSE isEntrance=false
04-13 15:40:21.267   808   846 V WindowManagerShell: loadAnimation: anim=android.view.animation.AnimationSet@4878543 animAttr=0xa type=CLOSE isEntrance=true
04-13 15:40:21.269   808   846 V WindowManagerShell:  animated by com.android.wm.shell.transition.DefaultTransitionHandler@4b867eb
04-13 15:40:21.435 14372 14372 D nativeloader: Configuring clns-6 for other apk /data/app/~~qkp3uS6dHuFb5wYmf7_QNg==/com.myproject-u8HuwEzgRe0TW7NanwILQw==/base.apk. target_sdk_version=36, uses_libraries=, library_path=/data/app/~~qkp3uS6dHuFb5wYmf7_QNg==/com.myproject-u8HuwEzgRe0TW7NanwILQw==/lib/x86_64:/data/app/~~qkp3uS6dHuFb5wYmf7_QNg==/com.myproject-u8HuwEzgRe0TW7NanwILQw==/base.apk!/lib/x86_64, permitted_path=/data:/mnt/expand:/data/user/0/com.myproject
04-13 15:40:21.447 14372 14372 V GraphicsEnvironment: Currently set values for:
04-13 15:40:21.447 14372 14372 V GraphicsEnvironment:   angle_gl_driver_selection_pkgs=[]
04-13 15:40:21.447 14372 14372 V GraphicsEnvironment:   angle_gl_driver_selection_values=[]
04-13 15:40:21.449 14372 14372 V GraphicsEnvironment: ANGLE GameManagerService for com.myproject: false
04-13 15:40:21.450 14372 14372 V GraphicsEnvironment: com.myproject is not listed in per-application setting
04-13 15:40:21.450 14372 14372 V GraphicsEnvironment: Neither updatable production driver nor prerelease driver is supported.
04-13 15:40:21.509   808   890 D EGL_emulation: app_time_stats: avg=2764.92ms min=11.11ms max=46500.78ms count=17
04-13 15:40:21.511 14372 14372 D CompatibilityChangeReporter: Compat change id reported: 183155436; UID 10193; state: ENABLED
04-13 15:40:21.559 14372 14372 I FirebaseApp: Device unlocked: initializing all Firebase APIs for app [DEFAULT]
04-13 15:40:21.571 14372 14372 I FirebaseInitProvider: FirebaseApp initialization successful
04-13 15:40:21.572 14372 14372 D ReactNativeFirebaseApp: received application context.
04-13 15:40:21.618 14372 14372 W SoLoader: Initializing SoLoader: 0
04-13 15:40:21.621 14372 14372 W SoLoader: Recording new base apk path: /data/app/~~qkp3uS6dHuFb5wYmf7_QNg==/com.myproject-u8HuwEzgRe0TW7NanwILQw==/base.apk
04-13 15:40:21.621 14372 14372 W SoLoader: Previously recorded 0 base apk paths.
04-13 15:40:21.627 14372 14372 I SoLoader: Preparing SO source: DirectorySoSource[root = /vendor/lib64 flags = 2]
04-13 15:40:21.628 14372 14372 I SoLoader: Preparing SO source: DirectorySoSource[root = /system/lib64 flags = 2]
04-13 15:40:21.628 14372 14372 I SoLoader: Preparing SO source: DirectApkSoSource[root = [/data/app/~~qkp3uS6dHuFb5wYmf7_QNg==/com.myproject-u8HuwEzgRe0TW7NanwILQw==/base.apk!/lib/x86_64]]
04-13 15:40:21.720 14372 14372 I SoLoader: Preparing SO source: ApplicationSoSource[DirectorySoSource[root = /data/app/~~qkp3uS6dHuFb5wYmf7_QNg==/com.myproject-u8HuwEzgRe0TW7NanwILQw==/lib/x86_64 flags = 0]]
04-13 15:40:21.721 14372 14372 I SoLoader: init finish: 4 SO sources prepared
04-13 15:40:21.721 14372 14372 W SoLoader: SoLoader initialized: 8
04-13 15:40:21.776   808   846 V WindowManagerShell: Transition animation finished (aborted=false), notifying core (#41)android.os.BinderProxy@3424478@0
04-13 15:40:21.777   570   594 V WindowManager: Finish Transition #41: created at 04-13 15:40:20.773 collect-started=1.486ms request-sent=1.69ms started=22.794ms ready=417.145ms sent=478.626ms finished=1003.734ms
04-13 15:40:21.779   570  2190 W WindowManager: Exception thrown during dispatchAppVisibility Window{640f557 u0 com.myproject/com.myproject.MainActivity EXITING}
04-13 15:40:21.779   570  2190 W WindowManager: android.os.DeadObjectException
04-13 15:40:21.779   570  2190 W WindowManager: 	at android.os.BinderProxy.transactNative(Native Method)
04-13 15:40:21.779   570  2190 W WindowManager: 	at android.os.BinderProxy.transact(BinderProxy.java:584)
04-13 15:40:21.779   570  2190 W WindowManager: 	at android.view.IWindow$Stub$Proxy.dispatchAppVisibility(IWindow.java:546)
04-13 15:40:21.779   570  2190 W WindowManager: 	at com.android.server.wm.WindowState.sendAppVisibilityToClients(WindowState.java:3271)
04-13 15:40:21.779   570  2190 W WindowManager: 	at com.android.server.wm.WindowContainer.sendAppVisibilityToClients(WindowContainer.java:1221)
04-13 15:40:21.779   570  2190 W WindowManager: 	at com.android.server.wm.WindowToken.setClientVisible(WindowToken.java:409)
04-13 15:40:21.779   570  2190 W WindowManager: 	at com.android.server.wm.ActivityRecord.setClientVisible(ActivityRecord.java:6946)
04-13 15:40:21.779   570  2190 W WindowManager: 	at com.android.server.wm.ActivityRecord.postApplyAnimation(ActivityRecord.java:5637)
04-13 15:40:21.779   570  2190 W WindowManager: 	at com.android.server.wm.ActivityRecord.commitVisibility(ActivityRecord.java:5580)
04-13 15:40:21.779   570  2190 W WindowManager: 	at com.android.server.wm.Transition.finishTransition(Transition.java:1151)
04-13 15:40:21.779   570  2190 W WindowManager: 	at com.android.server.wm.TransitionController.finishTransition(TransitionController.java:868)
04-13 15:40:21.779   570  2190 W WindowManager: 	at com.android.server.wm.WindowOrganizerController.finishTransition(WindowOrganizerController.java:396)
04-13 15:40:21.779   570  2190 W WindowManager: 	at android.window.IWindowOrganizerController$Stub.onTransact(IWindowOrganizerController.java:286)
04-13 15:40:21.779   570  2190 W WindowManager: 	at com.android.server.wm.WindowOrganizerController.onTransact(WindowOrganizerController.java:181)
04-13 15:40:21.779   570  2190 W WindowManager: 	at android.os.Binder.execTransactInternal(Binder.java:1339)
04-13 15:40:21.779   570  2190 W WindowManager: 	at android.os.Binder.execTransact(Binder.java:1275)
04-13 15:40:21.782   570  2190 I Process : Sending signal. PID: 14265 SIG: 9
04-13 15:40:21.786   570  2190 W WindowManager: Failed to deliver inset control state change to w=Window{640f557 u0 com.myproject/com.myproject.MainActivity EXITING}
04-13 15:40:21.786   570  2190 W WindowManager: android.os.DeadObjectException
04-13 15:40:21.786   570  2190 W WindowManager: 	at android.os.BinderProxy.transactNative(Native Method)
04-13 15:40:21.786   570  2190 W WindowManager: 	at android.os.BinderProxy.transact(BinderProxy.java:584)
04-13 15:40:21.786   570  2190 W WindowManager: 	at android.view.IWindow$Stub$Proxy.insetsControlChanged(IWindow.java:479)
04-13 15:40:21.786   570  2190 W WindowManager: 	at com.android.server.wm.WindowState.notifyInsetsControlChanged(WindowState.java:3802)
04-13 15:40:21.786   570  2190 W WindowManager: 	at com.android.server.wm.InsetsStateController.lambda$notifyPendingInsetsControlChanged$3(InsetsStateController.java:343)
04-13 15:40:21.786   570  2190 W WindowManager: 	at com.android.server.wm.InsetsStateController.$r8$lambda$8yykPRG1GyNq_J17QvL9d5xANMc(InsetsStateController.java:0)
04-13 15:40:21.786   570  2190 W WindowManager: 	at com.android.server.wm.InsetsStateController$$ExternalSyntheticLambda2.run(R8$$SyntheticClass:0)
04-13 15:40:21.786   570  2190 W WindowManager: 	at com.android.server.wm.WindowAnimator.executeAfterPrepareSurfacesRunnables(WindowAnimator.java:294)
04-13 15:40:21.786   570  2190 W WindowManager: 	at com.android.server.wm.RootWindowContainer.performSurfacePlacementNoTrace(RootWindowContainer.java:811)
04-13 15:40:21.786   570  2190 W WindowManager: 	at com.android.server.wm.RootWindowContainer.performSurfacePlacement(RootWindowContainer.java:756)
04-13 15:40:21.786   570  2190 W WindowManager: 	at com.android.server.wm.WindowSurfacePlacer.performSurfacePlacementLoop(WindowSurfacePlacer.java:177)
04-13 15:40:21.786   570  2190 W WindowManager: 	at com.android.server.wm.WindowSurfacePlacer.performSurfacePlacement(WindowSurfacePlacer.java:126)
04-13 15:40:21.786   570  2190 W WindowManager: 	at com.android.server.wm.WindowSurfacePlacer.performSurfacePlacement(WindowSurfacePlacer.java:115)
04-13 15:40:21.786   570  2190 W WindowManager: 	at com.android.server.wm.WindowState.setupWindowForRemoveOnExit(WindowState.java:2538)
04-13 15:40:21.786   570  2190 W WindowManager: 	at com.android.server.wm.WindowState.removeIfPossible(WindowState.java:2498)
04-13 15:40:21.786   570  2190 W WindowManager: 	at com.android.server.wm.WindowToken.removeAllWindowsIfPossible(WindowToken.java:249)
04-13 15:40:21.786   570  2190 W WindowManager: 	at com.android.server.wm.ActivityRecord.removeIfPossible(ActivityRecord.java:4259)
04-13 15:40:21.786   570  2190 W WindowManager: 	at com.android.server.wm.ActivityRecord.handleCompleteDeferredRemoval(ActivityRecord.java:4266)
04-13 15:40:21.786   570  2190 W WindowManager: 	at com.android.server.wm.WindowContainer.handleCompleteDeferredRemoval(WindowContainer.java:1396)
04-13 15:40:21.786   570  2190 W WindowManager: 	at com.android.server.wm.TaskFragment.handleCompleteDeferredRemoval(TaskFragment.java:2844)
04-13 15:40:21.786   570  2190 W WindowManager: 	at com.android.server.wm.WindowContainer.handleCompleteDeferredRemoval(WindowContainer.java:1396)
04-13 15:40:21.786   570  2190 W WindowManager: 	at com.android.server.wm.WindowContainer.handleCompleteDeferredRemoval(WindowContainer.java:1396)
04-13 15:40:21.786   570  2190 W WindowManager: 	at com.android.server.wm.WindowContainer.handleCompleteDeferredRemoval(WindowContainer.java:1396)
04-13 15:40:21.786   570  2190 W WindowManager: 	at com.android.server.wm.WindowContainer.handleCompleteDeferredRemoval(WindowContainer.java:1396)
04-13 15:40:21.786   570  2190 W WindowManager: 	at com.android.server.wm.WindowContainer.handleCompleteDeferredRemoval(WindowContainer.java:1396)
04-13 15:40:21.786   570  2190 W WindowManager: 	at com.android.server.wm.WindowContainer.handleCompleteDeferredRemoval(WindowContainer.java:1396)
04-13 15:40:21.786   570  2190 W WindowManager: 	at com.android.server.wm.DisplayContent.handleCompleteDeferredRemoval(DisplayContent.java:3382)
04-13 15:40:21.786   570  2190 W WindowManager: 	at com.android.server.wm.Transition.finishTransition(Transition.java:1322)
04-13 15:40:21.786   570  2190 W WindowManager: 	at com.android.server.wm.TransitionController.finishTransition(TransitionController.java:868)
04-13 15:40:21.786   570  2190 W WindowManager: 	at com.android.server.wm.WindowOrganizerController.finishTransition(WindowOrganizerController.java:396)
04-13 15:40:21.786   570  2190 W WindowManager: 	at android.window.IWindowOrganizerController$Stub.onTransact(IWindowOrganizerController.java:286)
04-13 15:40:21.786   570  2190 W WindowManager: 	at com.android.server.wm.WindowOrganizerController.onTransact(WindowOrganizerController.java:181)
04-13 15:40:21.786   570  2190 W WindowManager: 	at android.os.Binder.execTransactInternal(Binder.java:1339)
04-13 15:40:21.786   570  2190 W WindowManager: 	at android.os.Binder.execTransact(Binder.java:1275)
04-13 15:40:21.787   570   597 W ActivityManager: setHasOverlayUi called on unknown pid: 14265
04-13 15:40:21.791   808   846 V WindowManagerShell: Track 0 became idle
04-13 15:40:21.791   808   846 V WindowManagerShell: All active transition animations finished
04-13 15:40:21.796   808   890 D EGL_emulation: app_time_stats: avg=2920.93ms min=2920.93ms max=2920.93ms count=1
04-13 15:40:21.821   426   426 E BpTransactionCompletedListener: Failed to transact (-32)
04-13 15:40:21.981 14372 14372 D jni_lib_merge: Entering merged library JNI_OnLoad.
04-13 15:40:21.981 14372 14372 D jni_lib_merge: Preparing 12 pre-merged libs (including stub)
04-13 15:40:21.981 14372 14372 D jni_lib_merge: Preparing to register libfabricjni_so.  onload_func: 0x79a973d94730
04-13 15:40:21.981 14372 14372 D jni_lib_merge: Preparing to register libreact_devsupportjni_so.  onload_func: 0x79a973f91190
04-13 15:40:21.982 14372 14372 D jni_lib_merge: Preparing to register libreact_featureflagsjni_so.  onload_func: 0x79a973fa2910
04-13 15:40:21.982 14372 14372 D jni_lib_merge: Preparing to register libreact_newarchdefaults_so.  onload_func: 0x79a974043d20
04-13 15:40:21.982 14372 14372 D jni_lib_merge: Preparing to register libreactnativeblob_so.  onload_func: 0x79a97424e2e0
04-13 15:40:21.982 14372 14372 D jni_lib_merge: Preparing to register libreactnativejni_so.  onload_func: 0x79a97428e770
04-13 15:40:21.982 14372 14372 D jni_lib_merge: Preparing to register libreactnativejni_common_so.  onload_func: 0x79a97429e5d0
04-13 15:40:21.982 14372 14372 D jni_lib_merge: Preparing to register librninstance_so.  onload_func: 0x79a9742db4c0
04-13 15:40:21.983 14372 14372 D jni_lib_merge: Preparing to register libturbomodulejsijni_so.  onload_func: 0x79a97443cc00
04-13 15:40:21.983 14372 14372 D jni_lib_merge: Preparing to register libuimanagerjni_so.  onload_func: 0x79a974454de0
04-13 15:40:21.983 14372 14372 D jni_lib_merge: Preparing to register libyoga_so.  onload_func: 0x79a974463d70
04-13 15:40:21.983 14372 14372 D jni_lib_merge: About to register 11 actual methods.
04-13 15:40:22.062 14372 14372 D jni_lib_merge: Entering merged library JNI_OnLoad.
04-13 15:40:22.062 14372 14372 D jni_lib_merge: Preparing 12 pre-merged libs (including stub)
04-13 15:40:22.063 14372 14372 D jni_lib_merge: Preparing to register libfabricjni_so.  onload_func: 0x79a973d94730
04-13 15:40:22.063 14372 14372 D jni_lib_merge: Preparing to register libreact_devsupportjni_so.  onload_func: 0x79a973f91190
04-13 15:40:22.063 14372 14372 D jni_lib_merge: Preparing to register libreact_featureflagsjni_so.  onload_func: 0x79a973fa2910
04-13 15:40:22.063 14372 14372 D jni_lib_merge: Preparing to register libreact_newarchdefaults_so.  onload_func: 0x79a974043d20
04-13 15:40:22.063 14372 14372 D jni_lib_merge: Preparing to register libreactnativeblob_so.  onload_func: 0x79a97424e2e0
04-13 15:40:22.063 14372 14372 D jni_lib_merge: Preparing to register libreactnativejni_so.  onload_func: 0x79a97428e770
04-13 15:40:22.064 14372 14372 D jni_lib_merge: Preparing to register libreactnativejni_common_so.  onload_func: 0x79a97429e5d0
