04-13 15:40:22.064 14372 14372 D jni_lib_merge: Preparing to register librninstance_so.  onload_func: 0x79a9742db4c0
04-13 15:40:22.064 14372 14372 D jni_lib_merge: Preparing to register libturbomodulejsijni_so.  onload_func: 0x79a97443cc00
04-13 15:40:22.064 14372 14372 D jni_lib_merge: Preparing to register libuimanagerjni_so.  onload_func: 0x79a974454de0
04-13 15:40:22.065 14372 14372 D jni_lib_merge: Preparing to register libyoga_so.  onload_func: 0x79a974463d70
04-13 15:40:22.065 14372 14372 D jni_lib_merge: About to register 11 actual methods.
04-13 15:40:22.149 14372 14372 D jni_lib_merge: Entering merged library JNI_OnLoad.
04-13 15:40:22.149 14372 14372 D jni_lib_merge: Preparing 12 pre-merged libs (including stub)
04-13 15:40:22.150 14372 14372 D jni_lib_merge: Preparing to register libfabricjni_so.  onload_func: 0x79a973d94730
04-13 15:40:22.150 14372 14372 D jni_lib_merge: Preparing to register libreact_devsupportjni_so.  onload_func: 0x79a973f91190
04-13 15:40:22.150 14372 14372 D jni_lib_merge: Preparing to register libreact_featureflagsjni_so.  onload_func: 0x79a973fa2910
04-13 15:40:22.150 14372 14372 D jni_lib_merge: Preparing to register libreact_newarchdefaults_so.  onload_func: 0x79a974043d20
04-13 15:40:22.150 14372 14372 D jni_lib_merge: Preparing to register libreactnativeblob_so.  onload_func: 0x79a97424e2e0
04-13 15:40:22.151 14372 14372 D jni_lib_merge: Preparing to register libreactnativejni_so.  onload_func: 0x79a97428e770
04-13 15:40:22.151 14372 14372 D jni_lib_merge: Preparing to register libreactnativejni_common_so.  onload_func: 0x79a97429e5d0
04-13 15:40:22.151 14372 14372 D jni_lib_merge: Preparing to register librninstance_so.  onload_func: 0x79a9742db4c0
04-13 15:40:22.151 14372 14372 D jni_lib_merge: Preparing to register libturbomodulejsijni_so.  onload_func: 0x79a97443cc00
04-13 15:40:22.151 14372 14372 D jni_lib_merge: Preparing to register libuimanagerjni_so.  onload_func: 0x79a974454de0
04-13 15:40:22.152 14372 14372 D jni_lib_merge: Preparing to register libyoga_so.  onload_func: 0x79a974463d70
04-13 15:40:22.152 14372 14372 D jni_lib_merge: About to register 11 actual methods.
04-13 15:40:22.156   570  2190 I ActivityManager: Flag disabled. Ignoring finishAttachApplication from uid: 10193. pid: 14372
04-13 15:40:22.167 14372 14395 D libEGL  : loaded /vendor/lib64/egl/libEGL_emulation.so
04-13 15:40:22.175 14372 14395 D libEGL  : loaded /vendor/lib64/egl/libGLESv1_CM_emulation.so
04-13 15:40:22.179 14372 14395 D libEGL  : loaded /vendor/lib64/egl/libGLESv2_emulation.so
04-13 15:40:22.276 14372 14372 D AppCompatDelegate: Checking for metadata for AppLocalesMetadataHolderService : Service not found
04-13 15:40:22.465 14372 14372 D jni_lib_merge: Entering merged library JNI_OnLoad.
04-13 15:40:22.465 14372 14372 D jni_lib_merge: Preparing 4 pre-merged libs (including stub)
04-13 15:40:22.465 14372 14372 D jni_lib_merge: Preparing to register libhermes_executor_so.  onload_func: 0x79a9762e7050
04-13 15:40:22.465 14372 14372 D jni_lib_merge: Preparing to register libhermesinstancejni_so.  onload_func: 0x79a97631d680
04-13 15:40:22.465 14372 14372 D jni_lib_merge: Preparing to register libjsijniprofiler_so.  onload_func: 0x79a97631f3f0
04-13 15:40:22.466 14372 14372 D jni_lib_merge: About to register 3 actual methods.
04-13 15:40:22.525   808   890 D EGL_emulation: app_time_stats: avg=14.65ms min=2.09ms max=26.55ms count=61
04-13 15:40:22.849 14372 14402 D TrafficStats: tagSocket(80) with statsTag=0xffffffff, statsUid=-1
04-13 15:40:22.879 14372 14372 W unknown:BridgelessReact: ReactHost{0}.startSurface(surfaceId = 0): Schedule
04-13 15:40:22.879 14372 14372 W unknown:BridgelessReact: ReactHost{0}.attachSurface(surfaceId = 0)
04-13 15:40:22.882 14372 14405 W unknown:BridgelessReact: ReactHost{0}.getOrCreateReactInstanceTask()
04-13 15:40:22.882 14372 14405 W unknown:BridgelessReact: ReactHost{0}.getOrCreateReactInstanceTask(): Start
04-13 15:40:22.883 14372 14405 W unknown:BridgelessReact: ReactHost{0}.getJSBundleLoader()
04-13 15:40:22.886 14372 14405 W unknown:BridgelessReact: ReactHost{0}.isMetroRunning()
04-13 15:40:22.896 14372 14406 D TrafficStats: tagSocket(82) with statsTag=0xffffffff, statsUid=-1
04-13 15:40:22.922 14372 14372 W com.myproject: Accessing hidden method Landroid/view/ViewGroup;->makeOptionalFitsSystemWindows()V (unsupported, reflection, allowed)
04-13 15:40:22.942 14372 14406 W unknown:BridgelessReact: ReactHost{0}.isMetroRunning(): Async result = true
04-13 15:40:22.944 14372 14372 W unknown:BridgelessReact: ReactHost{0}.onHostResume(activity)
04-13 15:40:22.944 14372 14372 W unknown:ReactNative: Packager connection already open, nooping.
04-13 15:40:22.944 14372 14405 W unknown:BridgelessReact: ReactHost{0}.loadJSBundleFromMetro()
04-13 15:40:22.949 14372 14372 D CompatibilityChangeReporter: Compat change id reported: 237531167; UID 10193; state: DISABLED
04-13 15:40:22.951 14372 14372 W OpenGLRenderer: Unknown dataspace 0
04-13 15:40:22.962 14372 14372 I Choreographer: Skipped 82 frames!  The application may be doing too much work on its main thread.
04-13 15:40:22.967   570  2190 D CoreBackPreview: Window{60a9743 u0 com.myproject/com.myproject.MainActivity}: Setting back callback OnBackInvokedCallbackInfo{mCallback=android.window.IOnBackInvokedCallback$Stub$Proxy@f4d4e3e, mPriority=0, mIsAnimationCallback=false}
04-13 15:40:23.026 14372 14393 W OpenGLRenderer: Failed to choose config with EGL_SWAP_BEHAVIOR_PRESERVED, retrying without...
04-13 15:40:23.026 14372 14393 W OpenGLRenderer: Failed to initialize 101010-2 format, error = EGL_SUCCESS
04-13 15:40:23.062     0     0 I servicemanager: Could not find android.hardware.graphics.allocator.IAllocator/default in the VINTF manifest.
04-13 15:40:23.088   156   156 I hwservicemanager: getTransport: Cannot find entry android.hardware.graphics.mapper@4.0::IMapper/default in either framework or device VINTF manifest.
04-13 15:40:23.088 14372 14393 I Gralloc4: mapper 4.x is not supported
04-13 15:40:23.090     0     0 I logd    : logdr: UID=2000 GID=2000 PID=14409 n tail=0 logMask=99 pid=0 start=0ns deadline=0ns
04-13 15:40:23.125 14372 14393 E OpenGLRenderer: Unable to match the desired swap behavior.
04-13 15:40:23.278   570   594 W ziparchive: Unable to open '/data/app/~~qkp3uS6dHuFb5wYmf7_QNg==/com.myproject-u8HuwEzgRe0TW7NanwILQw==/base.dm': No such file or directory
04-13 15:40:23.283   570   594 I ActivityTaskManager: Displayed com.myproject/.MainActivity for user 0: +2s281ms
04-13 15:40:23.285 14372 14389 I OpenGLRenderer: Davey! duration=1631ms; Flags=1, FrameTimelineVsyncId=7398543, IntendedVsync=18972764772258, Vsync=18974131438870, InputEventId=0, HandleInputStart=18974141007800, AnimationStart=18974141046700, PerformTraversalsStart=18974141600600, DrawStart=18974303802500, FrameDeadline=18972781438924, FrameInterval=18974140202200, FrameStartTime=16666666, SyncQueued=18974304836600, SyncStart=18974354661600, IssueDrawCommandsStart=18974355380200, SwapBuffers=18974435652600, FrameCompleted=18974445652100, DequeueBufferDuration=26000, QueueBufferDuration=442200, GpuCompleted=18974444198100, SwapBuffersCompleted=18974445652100, DisplayPresentTime=10179072493889, CommandSubmissionCompleted=18974435652600, 
04-13 15:40:23.302 14372 14372 D CompatibilityChangeReporter: Compat change id reported: 210923482; UID 10193; state: ENABLED
04-13 15:40:23.317   808   890 D EGL_emulation: app_time_stats: avg=151.74ms min=10.00ms max=1373.01ms count=10
04-13 15:40:23.357   808   890 E OpenGLRenderer: Unable to match the desired swap behavior.
04-13 15:40:23.397   570   896 D CoreBackPreview: Window{ac2e716 u0 PopupWindow:f11c94e}: Setting back callback OnBackInvokedCallbackInfo{mCallback=android.window.IOnBackInvokedCallback$Stub$Proxy@4bc1a84, mPriority=0, mIsAnimationCallback=false}
04-13 15:40:23.454 14372 14393 E OpenGLRenderer: Unable to match the desired swap behavior.
04-13 15:40:23.529 14372 14372 W unknown:BridgelessReact: ReactHost{0}.raiseSoftException(onWindowFocusChange(hasFocus = "true")): Tried to access onWindowFocusChange while context is not ready
04-13 15:40:23.533 14372 14372 E unknown:ReactHost: Unhandled SoftException
04-13 15:40:23.533 14372 14372 E unknown:ReactHost: com.facebook.react.bridge.ReactNoCrashSoftException: raiseSoftException(onWindowFocusChange(hasFocus = "true")): Tried to access onWindowFocusChange while context is not ready
04-13 15:40:23.533 14372 14372 E unknown:ReactHost: 	at com.facebook.react.runtime.ReactHostImpl.raiseSoftException(ReactHostImpl.kt:861)
04-13 15:40:23.533 14372 14372 E unknown:ReactHost: 	at com.facebook.react.runtime.ReactHostImpl.raiseSoftException$default(ReactHostImpl.kt:852)
04-13 15:40:23.533 14372 14372 E unknown:ReactHost: 	at com.facebook.react.runtime.ReactHostImpl.onWindowFocusChange(ReactHostImpl.kt:625)
04-13 15:40:23.533 14372 14372 E unknown:ReactHost: 	at com.facebook.react.ReactDelegate.onWindowFocusChanged(ReactDelegate.kt:232)
04-13 15:40:23.533 14372 14372 E unknown:ReactHost: 	at com.facebook.react.ReactActivityDelegate.onWindowFocusChanged(ReactActivityDelegate.java:237)
04-13 15:40:23.533 14372 14372 E unknown:ReactHost: 	at com.facebook.react.ReactActivity.onWindowFocusChanged(ReactActivity.java:158)
04-13 15:40:23.533 14372 14372 E unknown:ReactHost: 	at androidx.appcompat.view.WindowCallbackWrapper.onWindowFocusChanged(WindowCallbackWrapper.java:124)
04-13 15:40:23.533 14372 14372 E unknown:ReactHost: 	at com.android.internal.policy.DecorView.onWindowFocusChanged(DecorView.java:1788)
04-13 15:40:23.533 14372 14372 E unknown:ReactHost: 	at android.view.View.dispatchWindowFocusChanged(View.java:15933)
04-13 15:40:23.533 14372 14372 E unknown:ReactHost: 	at android.view.ViewGroup.dispatchWindowFocusChanged(ViewGroup.java:1509)
04-13 15:40:23.533 14372 14372 E unknown:ReactHost: 	at android.view.ViewRootImpl.dispatchFocusEvent(ViewRootImpl.java:4059)
04-13 15:40:23.533 14372 14372 E unknown:ReactHost: 	at android.view.ViewRootImpl.handleWindowFocusChanged(ViewRootImpl.java:3963)
04-13 15:40:23.533 14372 14372 E unknown:ReactHost: 	at android.view.ViewRootImpl.-$$Nest$mhandleWindowFocusChanged(Unknown Source:0)
04-13 15:40:23.533 14372 14372 E unknown:ReactHost: 	at android.view.ViewRootImpl$ViewRootHandler.handleMessageImpl(ViewRootImpl.java:5954)
04-13 15:40:23.533 14372 14372 E unknown:ReactHost: 	at android.view.ViewRootImpl$ViewRootHandler.handleMessage(ViewRootImpl.java:5862)
04-13 15:40:23.533 14372 14372 E unknown:ReactHost: 	at android.os.Handler.dispatchMessage(Handler.java:106)
04-13 15:40:23.533 14372 14372 E unknown:ReactHost: 	at android.os.Looper.loopOnce(Looper.java:205)
04-13 15:40:23.533 14372 14372 E unknown:ReactHost: 	at android.os.Looper.loop(Looper.java:294)
04-13 15:40:23.533 14372 14372 E unknown:ReactHost: 	at android.app.ActivityThread.main(ActivityThread.java:8177)
04-13 15:40:23.533 14372 14372 E unknown:ReactHost: 	at java.lang.reflect.Method.invoke(Native Method)
04-13 15:40:23.533 14372 14372 E unknown:ReactHost: 	at com.android.internal.os.RuntimeInit$MethodAndArgsCaller.run(RuntimeInit.java:552)
04-13 15:40:23.533 14372 14372 E unknown:ReactHost: 	at com.android.internal.os.ZygoteInit.main(ZygoteInit.java:971)
04-13 15:40:23.536   570   896 D CompatibilityChangeReporter: Compat change id reported: 214016041; UID 10193; state: ENABLED
04-13 15:40:23.538   570   896 I ImeTracker: com.myproject:f02033cb: onRequestHide at ORIGIN_SERVER_HIDE_INPUT reason HIDE_UNSPECIFIED_WINDOW
04-13 15:40:23.542   570   896 I ImeTracker: com.myproject:f02033cb: onCancelled at PHASE_SERVER_SHOULD_HIDE
04-13 15:40:23.562  1501  1501 I GoogleInputMethodService: GoogleInputMethodService.onFinishInput():3227 
04-13 15:40:23.563  1501  1501 I GoogleInputMethodService: GoogleInputMethodService.updateDeviceLockedStatus():2087 repeatCheckTimes = 0, unlocked = true
04-13 15:40:23.564  1501  1501 I GoogleInputMethodService: GoogleInputMethodService.onStartInput():1877 onStartInput(EditorInfo{inputType=0x0(NULL) imeOptions=0x0 privateImeOptions=null actionName=UNSPECIFIED actionLabel=null actionId=0 initialSelStart=-1 initialSelEnd=-1 initialCapsMode=0x0 hintText=null label=null packageName=com.myproject fieldId=0 fieldName=null extras=null}, false)
04-13 15:40:23.564  1501  1501 I GoogleInputMethodService: GoogleInputMethodService.shouldHideHeaderOnInitialState():4008 ShouldHideHeaderOnInitialState = false
04-13 15:40:23.565  1501  1501 I GoogleInputMethodService: GoogleInputMethodService.updateDeviceLockedStatus():2087 repeatCheckTimes = 2, unlocked = true
04-13 15:40:23.658  1065  1154 I ImeTracker: com.google.android.apps.nexuslauncher:a4256c6f: onRequestHide at ORIGIN_CLIENT_HIDE_SOFT_INPUT reason HIDE_SOFT_INPUT
04-13 15:40:23.659  1065  1154 I ImeTracker: com.google.android.apps.nexuslauncher:a4256c6f: onFailed at PHASE_CLIENT_VIEW_SERVED
04-13 15:40:23.660  1065  1914 D OneSearchSuggestProvider: Shut down the binder channel
04-13 15:40:23.662  1065  1338 I IPCThreadState: oneway function results for code 2 on binder at 0x79ab9570a700 will be dropped but finished with status UNKNOWN_TRANSACTION
04-13 15:40:23.664  1065  1065 D AutofillManager: view is not autofillable - activity denied for autofill
04-13 15:40:23.664   808   868 W WindowOnBackDispatcher: sendCancelIfRunning: isInProgress=falsecallback=android.view.ViewRootImpl$$ExternalSyntheticLambda17@3a153
04-13 15:40:23.674  1065  1065 D AutofillManager: view is not autofillable - activity denied for autofill
04-13 15:40:23.674   570  2201 D CoreBackPreview: Window{df9cd5c u0 Splash Screen com.myproject EXITING}: Setting back callback null
04-13 15:40:23.675   570  1063 W InputManager-JNI: Input channel object 'df9cd5c Splash Screen com.myproject (client)' was disposed without first being removed with the input manager!
04-13 15:40:23.679 13791 13917 D BtGatt.ScanManager: uid 10128 isForeground true scanMode -1
04-13 15:40:23.717 13791 13917 D BtGatt.ScanManager: uid 10128 isForeground true scanMode -1
04-13 15:40:23.717  1360  2953 I FontLog : Received query Noto Color Emoji Compat, URI content://com.google.android.gms.fonts [CONTEXT service_id=132 ]
04-13 15:40:23.720  1360  2953 I FontLog : Query [emojicompat-emoji-font] resolved to {Noto Color Emoji Compat, wdth 100.0, wght 400, ital 0.0, bestEffort false} [CONTEXT service_id=132 ]
04-13 15:40:23.723  1360  2953 I FontLog : Fetch {Noto Color Emoji Compat, wdth 100.0, wght 400, ital 0.0, bestEffort false} end status Status{statusCode=SUCCESS, resolution=null} [CONTEXT service_id=132 ]
04-13 15:40:23.749  1360  2953 I FontLog : Pulling font file for id = 61, cache size = 5 [CONTEXT service_id=132 ]
04-13 15:40:23.768  1360  2953 I FontLog : Pulling font file for id = 61, cache size = 5 [CONTEXT service_id=132 ]
04-13 15:40:23.797   808   890 D EGL_emulation: app_time_stats: avg=30.59ms min=1.68ms max=510.22ms count=36
04-13 15:40:24.808   808   890 D EGL_emulation: app_time_stats: avg=15.58ms min=6.20ms max=31.07ms count=59
04-13 15:40:24.922   359   407 I netd    : tetherGetStats() -> {[]} <2.98ms>
04-13 15:40:24.935   359   407 I netd    : bandwidthSetGlobalAlert(2097152) <0.15ms>
04-13 15:40:25.044   570  1724 E TaskPersister: File error accessing recents directory (directory doesn't exist?).
04-13 15:40:25.748 14372 14372 W WindowOnBackDispatcher: sendCancelIfRunning: isInProgress=falsecallback=android.view.ViewRootImpl$$ExternalSyntheticLambda17@982c405
04-13 15:40:25.749 14372 14406 W unknown:BridgelessReact: ReactHost{0}.loadJSBundleFromMetro(): Creating BundleLoader
04-13 15:40:25.749   570  1792 D CoreBackPreview: Window{ac2e716 u0 PopupWindow:f11c94e}: Setting back callback null
04-13 15:40:25.750 14372 14405 W unknown:BridgelessReact: ReactHost{0}.getOrCreateReactInstanceTask(): Creating BridgelessReactContext
04-13 15:40:25.753   570  1792 W InputManager-JNI: Input channel object 'ac2e716 PopupWindow:f11c94e (client)' was disposed without first being removed with the input manager!
04-13 15:40:25.760 14372 14405 W unknown:BridgelessReact: ReactHost{0}.getOrCreateReactInstanceTask(): Creating ReactInstance
04-13 15:40:25.800 14372 14421 D TrafficStats: tagSocket(104) with statsTag=0xffffffff, statsUid=-1
04-13 15:40:25.921 14372 14405 W unknown:BridgelessReact: ReactHost{0}.getOrCreateReactInstanceTask(): Loading JS Bundle
04-13 15:40:25.922 14372 14405 W unknown:BridgelessReact: ReactHost{0}.getOrCreateReactInstanceTask(): DevSupportManager.onNewReactContextCreated()
04-13 15:40:25.932 14372 14372 W unknown:ReactNative: Packager connection already open, nooping.
04-13 15:40:25.933 14372 14372 W unknown:BridgelessReact: ReactHost{0}.ReactContext.onHostResume()
04-13 15:40:25.933 14372 14372 W unknown:BridgelessReact: ReactHost{0}.getOrCreateReactInstanceTask(): Executing ReactInstanceEventListeners
04-13 15:40:25.951 14372 14405 W unknown:BridgelessReact: ReactHost{0}.startSurface(surfaceId = 0): Execute
04-13 15:40:26.242 14372 14419 I WebViewFactory: Loading com.google.android.webview version 113.0.5672.136 (code 567263637)
04-13 15:40:26.247 14372 14419 W ziparchive: Unable to open '/data/app/~~9qDueGeOENNQgHlqOITLaQ==/com.google.android.trichromelibrary_567263637-OK5gQXTKAVsIUJFzlb8gKw==/TrichromeLibrary.dm': No such file or directory
04-13 15:40:26.247 14372 14419 W ziparchive: Unable to open '/data/app/~~9qDueGeOENNQgHlqOITLaQ==/com.google.android.trichromelibrary_567263637-OK5gQXTKAVsIUJFzlb8gKw==/TrichromeLibrary.dm': No such file or directory
04-13 15:40:26.248 14372 14419 W com.myproject: Entry not found
04-13 15:40:26.249 14372 14419 D nativeloader: Configuring clns-7 for other apk /data/app/~~9qDueGeOENNQgHlqOITLaQ==/com.google.android.trichromelibrary_567263637-OK5gQXTKAVsIUJFzlb8gKw==/TrichromeLibrary.apk. target_sdk_version=34, uses_libraries=ALL, library_path=/data/app/~~ygxrn48qm7ipeVc5oAAcsw==/com.google.android.webview-9kO6Rrb7pQ6GsXqBs0GKbQ==/lib/x86_64:/data/app/~~ygxrn48qm7ipeVc5oAAcsw==/com.google.android.webview-9kO6Rrb7pQ6GsXqBs0GKbQ==/WebViewGoogle.apk!/lib/x86_64:/data/app/~~9qDueGeOENNQgHlqOITLaQ==/com.google.android.trichromelibrary_567263637-OK5gQXTKAVsIUJFzlb8gKw==/TrichromeLibrary.apk!/lib/x86_64, permitted_path=/data:/mnt/expand
04-13 15:40:26.262   570  1792 I AppsFilter: interaction: PackageSetting{51ba39b com.myproject/10193} -> PackageSetting{bd1fce2 com.android.cts.priv.ctsshim/10186} BLOCKED
04-13 15:40:26.262   570  1792 I AppsFilter: interaction: PackageSetting{51ba39b com.myproject/10193} -> PackageSetting{c41b873 com.google.android.youtube/10138} BLOCKED
04-13 15:40:26.263   570  1792 I AppsFilter: interaction: PackageSetting{51ba39b com.myproject/10193} -> PackageSetting{a20c330 com.android.internal.display.cutout.emulation.corner/10022} BLOCKED
04-13 15:40:26.263   570  1792 I AppsFilter: interaction: PackageSetting{51ba39b com.myproject/10193} -> PackageSetting{28beba9 com.android.internal.display.cutout.emulation.double/10045} BLOCKED
04-13 15:40:26.263   570  1792 I AppsFilter: interaction: PackageSetting{51ba39b com.myproject/10193} -> PackageSetting{517052e com.google.android.googlequicksearchbox/10132} BLOCKED
04-13 15:40:26.263   570  1792 I AppsFilter: interaction: PackageSetting{51ba39b com.myproject/10193} -> PackageSetting{df568cf com.google.android.onetimeinitializer/10125} BLOCKED
04-13 15:40:26.263   570  1792 I AppsFilter: interaction: PackageSetting{51ba39b com.myproject/10193} -> PackageSetting{686e25c com.google.android.ext.shared/10100} BLOCKED
04-13 15:40:26.264   570  1792 I AppsFilter: interaction: PackageSetting{51ba39b com.myproject/10193} -> PackageSetting{f8e9965 com.android.internal.systemui.navbar.gestural_wide_back/10008} BLOCKED
04-13 15:40:26.264   570  1792 I AppsFilter: interaction: PackageSetting{51ba39b com.myproject/10193} -> PackageSetting{b92463a com.android.virtualmachine.res/10188} BLOCKED
04-13 15:40:26.264   570  1792 I AppsFilter: interaction: PackageSetting{51ba39b com.myproject/10193} -> PackageSetting{989c2eb com.google.android.federatedcompute/10175} BLOCKED
04-13 15:40:26.264   570  1792 I AppsFilter: interaction: PackageSetting{51ba39b com.myproject/10193} -> PackageSetting{5cdc848 com.android.managedprovisioning.auto_generated_rro_product__/10021} BLOCKED
04-13 15:40:26.264   570  1792 I AppsFilter: interaction: PackageSetting{51ba39b com.myproject/10193} -> PackageSetting{b5466e1 com.android.carrierconfig.auto_generated_rro_vendor__/10078} BLOCKED
04-13 15:40:26.264   570  1792 I AppsFilter: interaction: PackageSetting{51ba39b com.myproject/10193} -> PackageSetting{d4e8c06 com.android.systemui.emulation.pixel_3_xl/10031} BLOCKED
04-13 15:40:26.264   570  1792 I AppsFilter: interaction: PackageSetting{51ba39b com.myproject/10193} -> PackageSetting{bbfa2c7 com.android.systemui.emulation.pixel_4_xl/10059} BLOCKED
04-13 15:40:26.264   570  1792 I AppsFilter: interaction: PackageSetting{51ba39b com.myproject/10193} -> PackageSetting{11b20f4 com.android.systemui.emulation.pixel_fold/10006} BLOCKED
04-13 15:40:26.264   570  1792 I AppsFilter: interaction: PackageSetting{51ba39b com.myproject/10193} -> PackageSetting{d4f901d com.android.simappdialog.auto_generated_rro_product__/10036} BLOCKED
04-13 15:40:26.264   570  1792 I AppsFilter: interaction: PackageSetting{51ba39b com.myproject/10193} -> PackageSetting{c376292 com.android.htmlviewer/10115} BLOCKED
04-13 15:40:26.264   570  1792 I AppsFilter: interaction: PackageSetting{51ba39b com.myproject/10193} -> PackageSetting{289a463 com.google.android.health.connect.backuprestore/10171} BLOCKED
04-13 15:40:26.265   570  1792 I AppsFilter: interaction: PackageSetting{51ba39b com.myproject/10193} -> PackageSetting{c435860 com.android.systemui.auto_generated_rro_product__/10034} BLOCKED
04-13 15:40:26.265   570  1792 I AppsFilter: interaction: PackageSetting{51ba39b com.myproject/10193} -> PackageSetting{7da1119 com.google.android.apps.messaging/10131} BLOCKED
04-13 15:40:26.265   570  1792 I AppsFilter: interaction: PackageSetting{51ba39b com.myproject/10193} -> PackageSetting{b6515de com.google.android.soundpicker/10137} BLOCKED
04-13 15:40:26.265   570  1792 I AppsFilter: interaction: PackageSetting{51ba39b com.myproject/10193} -> PackageSetting{e6823bf com.google.android.marvin.talkbackoverlay/10075} BLOCKED
04-13 15:40:26.265   570  1792 I AppsFilter: interaction: PackageSetting{51ba39b com.myproject/10193} -> PackageSetting{1f59a8c com.google.android.configupdater/10129} BLOCKED
04-13 15:40:26.265   570  1792 I AppsFilter: interaction: PackageSetting{51ba39b com.myproject/10193} -> PackageSetting{ef1a5d5 com.android.internal.emulation.pixel_3a_xl/10044} BLOCKED
04-13 15:40:26.265   570  1792 I AppsFilter: interaction: PackageSetting{51ba39b com.myproject/10193} -> PackageSetting{528b1ea com.android.internal.emulation.pixel_6_pro/10015} BLOCKED
04-13 15:40:26.265   570  1792 I AppsFilter: interaction: PackageSetting{51ba39b com.myproject/10193} -> PackageSetting{d853cdb com.android.internal.emulation.pixel_7_pro/10002} BLOCKED
04-13 15:40:26.266   570  1792 I AppsFilter: interaction: PackageSetting{51ba39b com.myproject/10193} -> PackageSetting{6a7d378 com.android.internal.emulation.pixel_8_pro/10058} BLOCKED
04-13 15:40:26.266   570  1792 I AppsFilter: interaction: PackageSetting{51ba39b com.myproject/10193} -> PackageSetting{eb3ca51 com.android.internal.emulation.pixel_3a/10050} BLOCKED
04-13 15:40:26.266   570  1792 I AppsFilter: interaction: PackageSetting{51ba39b com.myproject/10193} -> PackageSetting{5d802b6 com.android.internal.emulation.pixel_4a/10009} BLOCKED
04-13 15:40:26.266   570  1792 I AppsFilter: interaction: PackageSetting{51ba39b com.myproject/10193} -> PackageSetting{c90cbb7 com.android.internal.emulation.pixel_6a/10020} BLOCKED
04-13 15:40:26.266   570  1792 I AppsFilter: interaction: PackageSetting{51ba39b com.myproject/10193} -> PackageSetting{e42af24 com.android.internal.emulation.pixel_7a/10033} BLOCKED
04-13 15:40:26.266   570  1792 I AppsFilter: interaction: PackageSetting{51ba39b com.myproject/10193} -> PackageSetting{d99ba8d com.google.android.overlay.googlewebview/10049} BLOCKED
04-13 15:40:26.266   570  1792 I AppsFilter: interaction: PackageSetting{51ba39b com.myproject/10193} -> PackageSetting{7599442 com.google.android.hotspot2.osulogin/10174} BLOCKED
04-13 15:40:26.266   570  1792 I AppsFilter: interaction: PackageSetting{51ba39b com.myproject/10193} -> PackageSetting{95c6c53 com.android.simappdialog/10111} BLOCKED
04-13 15:40:26.267   570  1792 I AppsFilter: interaction: PackageSetting{51ba39b com.myproject/10193} -> PackageSetting{8d9990 com.android.internal.display.cutout.emulation.hole/10073} BLOCKED
04-13 15:40:26.267   570  1792 I AppsFilter: interaction: PackageSetting{51ba39b com.myproject/10193} -> PackageSetting{6747289 com.android.internal.display.cutout.emulation.tall/10065} BLOCKED
04-13 15:40:26.269   570  1792 I AppsFilter: interaction: PackageSetting{51ba39b com.myproject/10193} -> PackageSetting{970b28e com.android.internal.systemui.navbar.threebutton/10068} BLOCKED
04-13 15:40:26.270   570  1792 I AppsFilter: interaction: PackageSetting{51ba39b com.myproject/10193} -> PackageSetting{3377aaf com.android.camera2/10142} BLOCKED
04-13 15:40:26.270   570  1792 I AppsFilter: interaction: PackageSetting{51ba39b com.myproject/10193} -> PackageSetting{85abebc com.android.systemui.auto_generated_rro_vendor__/10079} BLOCKED
04-13 15:40:26.270   570  1792 I AppsFilter: interaction: PackageSetting{51ba39b com.myproject/10193} -> PackageSetting{628ae45 com.google.android.deskclock/10152} BLOCKED
04-13 15:40:26.270   570  1792 I AppsFilter: interaction: PackageSetting{51ba39b com.myproject/10193} -> PackageSetting{2c9699a com.android.internal.systemui.navbar.twobutton/10017} BLOCKED
04-13 15:40:26.271   570  1792 I AppsFilter: interaction: PackageSetting{51ba39b com.myproject/10193} -> PackageSetting{50b12cb com.google.android.as/10127} BLOCKED
04-13 15:40:26.271   570  1792 I AppsFilter: interaction: PackageSetting{51ba39b com.myproject/10193} -> PackageSetting{9730aa8 com.google.android.gm/10144} BLOCKED
04-13 15:40:26.271   570  1792 I AppsFilter: interaction: PackageSetting{51ba39b com.myproject/10193} -> PackageSetting{92ae9c1 com.android.internal.systemui.navbar.gestural_extra_wide_back/10048} BLOCKED
04-13 15:40:26.271   570  1792 I AppsFilter: interaction: PackageSetting{51ba39b com.myproject/10193} -> PackageSetting{6c48566 com.android.systemui.emulation.pixel_3/10012} BLOCKED
04-13 15:40:26.272   570  1792 I AppsFilter: interaction: PackageSetting{51ba39b com.myproject/10193} -> PackageSetting{53610a7 com.android.systemui.emulation.pixel_4/10037} BLOCKED
04-13 15:40:26.272   570  1792 I AppsFilter: interaction: PackageSetting{51ba39b com.myproject/10193} -> PackageSetting{9422954 com.android.systemui.emulation.pixel_5/10071} BLOCKED
04-13 15:40:26.272   570  1792 I AppsFilter: interaction: PackageSetting{51ba39b com.myproject/10193} -> PackageSetting{4bb60fd com.android.systemui.emulation.pixel_6/10074} BLOCKED
04-13 15:40:26.272   570  1792 I AppsFilter: interaction: PackageSetting{51ba39b com.myproject/10193} -> PackageSetting{c0391f2 com.android.systemui.emulation.pixel_7/10072} BLOCKED
04-13 15:40:26.272   570  1792 I AppsFilter: interaction: PackageSetting{51ba39b com.myproject/10193} -> PackageSetting{7291043 com.android.systemui.emulation.pixel_8/10070} BLOCKED
04-13 15:40:26.272   570  1792 I AppsFilter: interaction: PackageSetting{51ba39b com.myproject/10193} -> PackageSetting{64286c0 com.android.nfc.auto_generated_rro_product__/10024} BLOCKED
04-13 15:40:26.272   570  1792 I AppsFilter: interaction: PackageSetting{51ba39b com.myproject/10193} -> PackageSetting{7e20ff9 com.android.printspooler/10106} BLOCKED
04-13 15:40:26.272   570  1792 I AppsFilter: interaction: PackageSetting{51ba39b com.myproject/10193} -> PackageSetting{fb4db3e com.android.emergency.auto_generated_rro_product__/10041} BLOCKED
04-13 15:40:26.273   570  1792 I AppsFilter: interaction: PackageSetting{51ba39b com.myproject/10193} -> PackageSetting{ac26d9f com.google.android.connectivity.resources.goldfish.overlay/10081} BLOCKED
04-13 15:40:26.273   570  1792 I AppsFilter: interaction: PackageSetting{51ba39b com.myproject/10193} -> PackageSetting{a294eec com.android.dreams.basic/10103} BLOCKED
04-13 15:40:26.273   570  1792 I AppsFilter: interaction: PackageSetting{51ba39b com.myproject/10193} -> PackageSetting{2ab2b5 com.google.android.networkstack.tethering.emulator/10019} BLOCKED
04-13 15:40:26.273   570  1792 I AppsFilter: interaction: PackageSetting{51ba39b com.myproject/10193} -> PackageSetting{19f6d4a com.android.providers.settings.auto_generated_rro_product__/10005} BLOCKED
04-13 15:40:26.273   570  1792 I AppsFilter: interaction: PackageSetting{51ba39b com.myproject/10193} -> PackageSetting{56a44bb com.google.android.as.oss/10121} BLOCKED
04-13 15:40:26.273 14372 14419 D nativeloader: Configuring clns-8 for other apk /data/app/~~ygxrn48qm7ipeVc5oAAcsw==/com.google.android.webview-9kO6Rrb7pQ6GsXqBs0GKbQ==/WebViewGoogle.apk. target_sdk_version=34, uses_libraries=, library_path=/data/app/~~ygxrn48qm7ipeVc5oAAcsw==/com.google.android.webview-9kO6Rrb7pQ6GsXqBs0GKbQ==/lib/x86_64:/data/app/~~ygxrn48qm7ipeVc5oAAcsw==/com.google.android.webview-9kO6Rrb7pQ6GsXqBs0GKbQ==/WebViewGoogle.apk!/lib/x86_64:/data/app/~~9qDueGeOENNQgHlqOITLaQ==/com.google.android.trichromelibrary_567263637-OK5gQXTKAVsIUJFzlb8gKw==/TrichromeLibrary.apk!/lib/x86_64, permitted_path=/data:/mnt/expand
04-13 15:40:26.273   570  1792 I AppsFilter: interaction: PackageSetting{51ba39b com.myproject/10193} -> PackageSetting{2d26dd8 com.android.traceur.auto_generated_rro_product__/10003} BLOCKED
04-13 15:40:26.274   570  1792 I AppsFilter: interaction: PackageSetting{51ba39b com.myproject/10193} -> PackageSetting{e20c531 com.google.android.devicelockcontroller/10191} BLOCKED
04-13 15:40:26.274   570  1792 I AppsFilter: interaction: PackageSetting{51ba39b com.myproject/10193} -> PackageSetting{4ef1416 com.google.android.dialer/10130} BLOCKED
04-13 15:40:26.274   570  1792 I AppsFilter: interaction: PackageSetting{51ba39b com.myproject/10193} -> PackageSetting{ee7197 com.android.internal.emulation.pixel_3/10046} BLOCKED
04-13 15:40:26.274   570  1792 I AppsFilter: interaction: PackageSetting{51ba39b com.myproject/10193} -> PackageSetting{dec8f84 com.android.internal.emulation.pixel_4/10060} BLOCKED
04-13 15:40:26.274   570  1792 I AppsFilter: interaction: PackageSetting{51ba39b com.myproject/10193} -> PackageSetting{58b836d com.android.internal.emulation.pixel_5/10027} BLOCKED
04-13 15:40:26.275   570  1792 I AppsFilter: interaction: PackageSetting{51ba39b com.myproject/10193} -> PackageSetting{1c05ba2 com.android.internal.emulation.pixel_6/10038} BLOCKED
04-13 15:40:26.275   570  1792 I AppsFilter: interaction: PackageSetting{51ba39b com.myproject/10193} -> PackageSetting{c1e9033 com.android.internal.emulation.pixel_7/10067} BLOCKED
04-13 15:40:26.275   570  1792 I AppsFilter: interaction: PackageSetting{51ba39b com.myproject/10193} -> PackageSetting{3651ff0 com.android.internal.emulation.pixel_8/10039} BLOCKED
04-13 15:40:26.275   570  1792 I AppsFilter: interaction: PackageSetting{51ba39b com.myproject/10193} -> PackageSetting{569e969 com.google.android.captiveportallogin/10114} BLOCKED
04-13 15:40:26.275   570  1792 I AppsFilter: interaction: PackageSetting{51ba39b com.myproject/10193} -> PackageSetting{36c8fee com.android.musicfx/10088} BLOCKED
04-13 15:40:26.275   570  1792 I AppsFilter: interaction: PackageSetting{51ba39b com.myproject/10193} -> PackageSetting{927fc8f com.google.android.apps.docs/10155} BLOCKED
04-13 15:40:26.275   570  1792 I AppsFilter: interaction: PackageSetting{51ba39b com.myproject/10193} -> PackageSetting{ac2ccae com.google.android.apps.maps/10153} BLOCKED
04-13 15:40:26.275   570  1792 I AppsFilter: interaction: PackageSetting{51ba39b com.myproject/10193} -> PackageSetting{a944b1c com.google.android.modulemetadata/10147} BLOCKED
04-13 15:40:26.275   570  1792 I AppsFilter: interaction: PackageSetting{51ba39b com.myproject/10193} -> PackageSetting{3aeb325 com.google.android.markup/10135} BLOCKED
04-13 15:40:26.277   570  1792 I AppsFilter: interaction: PackageSetting{51ba39b com.myproject/10193} -> PackageSetting{f95bcfa com.android.providers.settings.auto_generated_rro_vendor__/10077} BLOCKED
04-13 15:40:26.277   570  1792 I AppsFilter: interaction: PackageSetting{51ba39b com.myproject/10193} -> PackageSetting{5b1d2ab com.google.android.rkpdapp/10177} BLOCKED
04-13 15:40:26.277   570  1792 I AppsFilter: interaction: PackageSetting{51ba39b com.myproject/10193} -> PackageSetting{628fd08 com.google.android.contacts/10154} BLOCKED
04-13 15:40:26.277   570  1792 I AppsFilter: interaction: PackageSetting{51ba39b com.myproject/10193} -> PackageSetting{8bc5ca1 com.android.server.telecom.auto_generated_rro_product__/10030} BLOCKED
04-13 15:40:26.277   570  1792 I AppsFilter: interaction: PackageSetting{51ba39b com.myproject/10193} -> PackageSetting{1f2aec6 com.google.android.overlay.googleconfig/10055} BLOCKED
04-13 15:40:26.278   570  1792 I AppsFilter: interaction: PackageSetting{51ba39b com.myproject/10193} -> PackageSetting{8b8ee87 com.android.chrome/10149} BLOCKED
04-13 15:40:26.278   570  1792 I AppsFilter: interaction: PackageSetting{51ba39b com.myproject/10193} -> PackageSetting{2d4e1b4 com.android.bips.auto_generated_rro_product__/10032} BLOCKED
04-13 15:40:26.278   570  1792 I AppsFilter: interaction: PackageSetting{51ba39b com.myproject/10193} -> PackageSetting{6a121dd com.google.android.apps.customization.pixel/10143} BLOCKED
04-13 15:40:26.278   570  1792 I AppsFilter: interaction: PackageSetting{51ba39b com.myproject/10193} -> PackageSetting{8daf152 com.google.android.tag/10084} BLOCKED
04-13 15:40:26.278   570  1792 I AppsFilter: interaction: PackageSetting{51ba39b com.myproject/10193} -> PackageSetting{22bec23 com.google.android.overlay.permissioncontroller/10001} BLOCKED
04-13 15:40:26.278   570  1792 I AppsFilter: interaction: PackageSetting{51ba39b com.myproject/10193} -> PackageSetting{4b86520 com.google.android.partnersetup/10124} BLOCKED
04-13 15:40:26.279   570  1792 I AppsFilter: interaction: PackageSetting{51ba39b com.myproject/10193} -> PackageSetting{812fed9 com.google.android.apps.wallpaper.nexus/10141} BLOCKED
04-13 15:40:26.279   570  1792 I AppsFilter: interaction: PackageSetting{51ba39b com.myproject/10193} -> PackageSetting{e92d09e com.google.android.apps.nexuslauncher/10169} BLOCKED
04-13 15:40:26.279   570  1792 I AppsFilter: interaction: PackageSetting{51ba39b com.myproject/10193} -> PackageSetting{847277f com.google.android.nearby.halfsheet/10190} BLOCKED
04-13 15:40:26.279   570  1792 I AppsFilter: interaction: PackageSetting{51ba39b com.myproject/10193} -> PackageSetting{f8eb34c com.android.theme.font.notoserifsource/10066} BLOCKED
04-13 15:40:26.280   570  1792 I AppsFilter: interaction: PackageSetting{51ba39b com.myproject/10193} -> PackageSetting{32baf95 com.google.android.safetycenter.resources/10183} BLOCKED
04-13 15:40:26.280   570  1792 I AppsFilter: interaction: PackageSetting{51ba39b com.myproject/10193} -> PackageSetting{b5758aa com.android.internal.display.cutout.emulation.waterfall/10040} BLOCKED
04-13 15:40:26.280   570  1792 I AppsFilter: interaction: PackageSetting{51ba39b com.myproject/10193} -> PackageSetting{eb0bc9b com.android.internal.systemui.navbar.transparent/10028} BLOCKED
04-13 15:40:26.280   570  1792 I AppsFilter: interaction: PackageSetting{51ba39b com.myproject/10193} -> PackageSetting{599b838 com.google.android.connectivity.resources/10189} BLOCKED
04-13 15:40:26.280   570  1792 I AppsFilter: interaction: PackageSetting{51ba39b com.myproject/10193} -> PackageSetting{be4b011 com.android.providers.contacts.auto_generated_rro_product__/10016} BLOCKED
04-13 15:40:26.280   570  1792 I AppsFilter: interaction: PackageSetting{51ba39b com.myproject/10193} -> PackageSetting{c2a5576 com.google.android.feedback/10162} BLOCKED
04-13 15:40:26.280   570  1792 I AppsFilter: interaction: PackageSetting{51ba39b com.myproject/10193} -> PackageSetting{3548777 com.google.android.printservice.recommendation/10110} BLOCKED
04-13 15:40:26.280   570  1792 I AppsFilter: interaction: PackageSetting{51ba39b com.myproject/10193} -> PackageSetting{94e1fe4 com.google.android.apps.photos/10140} BLOCKED
04-13 15:40:26.281   570  1792 I AppsFilter: interaction: PackageSetting{51ba39b com.myproject/10193} -> PackageSetting{5a84c62 com.google.android.calendar/10146} BLOCKED
04-13 15:40:26.281   570  1792 I AppsFilter: interaction: PackageSetting{51ba39b com.myproject/10193} -> PackageSetting{2533c4d com.google.android.documentsui/10098} BLOCKED
04-13 15:40:26.281   570  1792 I AppsFilter: interaction: PackageSetting{51ba39b com.myproject/10193} -> PackageSetting{a5e5302 com.android.systemui.emulation.pixel_3a_xl/10018} BLOCKED
04-13 15:40:26.281   570  1792 I AppsFilter: interaction: PackageSetting{51ba39b com.myproject/10193} -> PackageSetting{d002413 com.android.systemui.emulation.pixel_6_pro/10063} BLOCKED
04-13 15:40:26.281   570  1792 I AppsFilter: interaction: PackageSetting{51ba39b com.myproject/10193} -> PackageSetting{dbf5650 com.android.systemui.emulation.pixel_7_pro/10054} BLOCKED
04-13 15:40:26.281   570  1792 I AppsFilter: interaction: PackageSetting{51ba39b com.myproject/10193} -> PackageSetting{8a45049 com.android.systemui.emulation.pixel_8_pro/10000} BLOCKED
04-13 15:40:26.282   570  1792 I AppsFilter: interaction: PackageSetting{51ba39b com.myproject/10193} -> PackageSetting{fe29d4e com.google.mainline.telemetry/10151} BLOCKED
04-13 15:40:26.282   570  1792 I AppsFilter: interaction: PackageSetting{51ba39b com.myproject/10193} -> PackageSetting{7beee6f com.android.carrierconfig.auto_generated_rro_product__/10064} BLOCKED
04-13 15:40:26.282   570  1792 I AppsFilter: interaction: PackageSetting{51ba39b com.myproject/10193} -> PackageSetting{1cb877c com.android.providers.partnerbookmarks/10102} BLOCKED
04-13 15:40:26.282   570  1792 I AppsFilter: interaction: PackageSetting{51ba39b com.myproject/10193} -> PackageSetting{cd8a805 com.android.wallpaper.livepicker/10089} BLOCKED
04-13 15:40:26.283   570  1792 I AppsFilter: interaction: PackageSetting{51ba39b com.myproject/10193} -> PackageSetting{44f405a com.android.providers.telephony.auto_generated_rro_product__/10062} BLOCKED
04-13 15:40:26.283   570  1792 I AppsFilter: interaction: PackageSetting{51ba39b com.myproject/10193} -> PackageSetting{af6028b com.android.phone.auto_generated_rro_vendor__/10080} BLOCKED
04-13 15:40:26.283   570  1792 I AppsFilter: interaction: PackageSetting{51ba39b com.myproject/10193} -> PackageSetting{2079f68 com.google.mainline.adservices/10136} BLOCKED
04-13 15:40:26.284   570  1792 I AppsFilter: interaction: PackageSetting{51ba39b com.myproject/10193} -> PackageSetting{240bf81 com.android.imsserviceentitlement/10117} BLOCKED
04-13 15:40:26.284   570  1792 I AppsFilter: interaction: PackageSetting{51ba39b com.myproject/10193} -> PackageSetting{eb10826 com.google.android.healthconnect.controller/10170} BLOCKED
04-13 15:40:26.284   570  1792 I AppsFilter: interaction: PackageSetting{51ba39b com.myproject/10193} -> PackageSetting{5403c67 com.android.internal.emulation.pixel_2_xl/10013} BLOCKED
04-13 15:40:26.284   570  1792 I AppsFilter: interaction: PackageSetting{51ba39b com.myproject/10193} -> PackageSetting{d6b4a14 com.android.internal.emulation.pixel_3_xl/10056} BLOCKED
04-13 15:40:26.284   570  1792 I AppsFilter: interaction: PackageSetting{51ba39b com.myproject/10193} -> PackageSetting{6b8d2bd com.android.internal.emulation.pixel_4_xl/10047} BLOCKED
04-13 15:40:26.285   570  1792 I AppsFilter: interaction: PackageSetting{51ba39b com.myproject/10193} -> PackageSetting{81580b2 com.android.internal.emulation.pixel_fold/10007} BLOCKED
04-13 15:40:26.285   570  1792 I AppsFilter: interaction: PackageSetting{51ba39b com.myproject/10193} -> PackageSetting{a0a3803 com.android.bookmarkprovider/10113} BLOCKED
04-13 15:40:26.285   570  1792 I AppsFilter: interaction: PackageSetting{51ba39b com.myproject/10193} -> PackageSetting{8bcf380 com.google.android.overlay.pixelconfigcommon/10011} BLOCKED
04-13 15:40:26.285   570  1792 I AppsFilter: interaction: PackageSetting{51ba39b com.myproject/10193} -> PackageSetting{fa4ddb9 com.android.systemui.accessibility.accessibilitymenu.auto_generated_rro_product__/10053} BLOCKED
04-13 15:40:26.285   570  1792 I AppsFilter: interaction: PackageSetting{51ba39b com.myproject/10193} -> PackageSetting{ad6f5fe com.shopai/10192} BLOCKED
04-13 15:40:26.285   570  1792 I AppsFilter: interaction: PackageSetting{51ba39b com.myproject/10193} -> PackageSetting{cee515f com.android.systemui.emulation.pixel_3a/10010} BLOCKED
04-13 15:40:26.285   570  1792 I AppsFilter: interaction: PackageSetting{51ba39b com.myproject/10193} -> PackageSetting{cbdc7ac com.android.systemui.emulation.pixel_4a/10004} BLOCKED
04-13 15:40:26.285   570  1792 I AppsFilter: interaction: PackageSetting{51ba39b com.myproject/10193} -> PackageSetting{aac9c75 com.android.systemui.emulation.pixel_6a/10042} BLOCKED
04-13 15:40:26.286   570  1792 I AppsFilter: interaction: PackageSetting{51ba39b com.myproject/10193} -> PackageSetting{aa8740a com.android.systemui.emulation.pixel_7a/10014} BLOCKED
04-13 15:40:26.286   570  1792 I AppsFilter: interaction: PackageSetting{51ba39b com.myproject/10193} -> PackageSetting{6d0a47b com.google.android.settings.intelligence/10118} BLOCKED
04-13 15:40:26.286   570  1792 I AppsFilter: interaction: PackageSetting{51ba39b com.myproject/10193} -> PackageSetting{bde580d com.google.android.projection.gearhead/10123} BLOCKED
04-13 15:40:26.286   570  1792 I AppsFilter: interaction: PackageSetting{51ba39b com.myproject/10193} -> PackageSetting{b15b298 com.google.android.uwb.resources/10180} BLOCKED
04-13 15:40:26.286   570  1792 I AppsFilter: interaction: PackageSetting{51ba39b com.myproject/10193} -> PackageSetting{38da3c2 com.android.cts.ctsshim/10187} BLOCKED
04-13 15:40:26.286   570  1792 I AppsFilter: interaction: PackageSetting{51ba39b com.myproject/10193} -> PackageSetting{e378af1 com.google.android.wifi.resources/10172} BLOCKED
04-13 15:40:26.286   570  1792 I AppsFilter: interaction: PackageSetting{51ba39b com.myproject/10193} -> PackageSetting{161c6d6 com.google.android.wifi.dialog/10173} BLOCKED
04-13 15:40:26.287   570  1792 I AppsFilter: interaction: PackageSetting{51ba39b com.myproject/10193} -> PackageSetting{bb0d57 com.google.android.apps.wallpaper/10161} BLOCKED
04-13 15:40:26.287   570  1792 I AppsFilter: interaction: PackageSetting{51ba39b com.myproject/10193} -> PackageSetting{5ff6044 com.google.android.odad/10122} BLOCKED
04-13 15:40:26.287   570  1792 I AppsFilter: interaction: PackageSetting{51ba39b com.myproject/10193} -> PackageSetting{5a8e52d com.android.settings.auto_generated_rro_product__/10029} BLOCKED
04-13 15:40:26.288   570  1792 I AppsFilter: interaction: PackageSetting{51ba39b com.myproject/10193} -> PackageSetting{c8b7a62 com.android.internal.systemui.navbar.gestural/10051} BLOCKED
04-13 15:40:26.288   570  1792 I AppsFilter: interaction: PackageSetting{51ba39b com.myproject/10193} -> PackageSetting{7927f3 com.google.android.apps.youtube.music/10156} BLOCKED
04-13 15:40:26.288   570  1792 I AppsFilter: interaction: PackageSetting{51ba39b com.myproject/10193} -> PackageSetting{6b43cb0 com.android.bluetoothmidiservice/10108} BLOCKED
04-13 15:40:26.288   570  1792 I AppsFilter: interaction: PackageSetting{51ba39b com.myproject/10193} -> PackageSetting{55ba729 com.android.storagemanager.auto_generated_rro_product__/10023} BLOCKED
04-13 15:40:26.289   570  1792 I AppsFilter: interaction: PackageSetting{51ba39b com.myproject/10193} -> PackageSetting{7aadaae com.google.android.cellbroadcastreceiver/10185} BLOCKED
04-13 15:40:26.289   570  1792 I AppsFilter: interaction: PackageSetting{51ba39b com.myproject/10193} -> PackageSetting{2f4504f com.android.phone.auto_generated_rro_product__/10061} BLOCKED
04-13 15:40:26.289   570  1792 I AppsFilter: interaction: PackageSetting{51ba39b com.myproject/10193} -> PackageSetting{e9873dc android.auto_generated_rro_product__/10069} BLOCKED
04-13 15:40:26.289   570  1792 I AppsFilter: interaction: PackageSetting{51ba39b com.myproject/10193} -> PackageSetting{25e8ce5 com.android.internal.systemui.navbar.gestural_narrow_back/10052} BLOCKED
04-13 15:40:26.289   570  1792 I AppsFilter: interaction: PackageSetting{51ba39b com.myproject/10193} -> PackageSetting{f4df3ba com.google.android.inputmethod.latin/10145} BLOCKED
04-13 15:40:26.290   570  1792 I AppsFilter: interaction: PackageSetting{51ba39b com.myproject/10193} -> PackageSetting{4fa26b android.auto_generated_rro_vendor__/10076} BLOCKED
04-13 15:40:26.290   570  1792 I AppsFilter: interaction: PackageSetting{51ba39b com.myproject/10193} -> PackageSetting{f26f1c8 com.google.android.apps.restore/10119} BLOCKED
04-13 15:40:26.309 14372 14419 W com.myproject: Accessing hidden method Landroid/os/Trace;->isTagEnabled(J)Z (unsupported, reflection, allowed)
04-13 15:40:26.309 14372 14419 W com.myproject: Accessing hidden method Landroid/os/Trace;->traceBegin(JLjava/lang/String;)V (unsupported, reflection, allowed)
04-13 15:40:26.309 14372 14419 W com.myproject: Accessing hidden method Landroid/os/Trace;->traceEnd(J)V (unsupported, reflection, allowed)
04-13 15:40:26.310 14372 14419 W com.myproject: Accessing hidden method Landroid/os/Trace;->asyncTraceBegin(JLjava/lang/String;I)V (unsupported, reflection, allowed)
04-13 15:40:26.310 14372 14419 W com.myproject: Accessing hidden method Landroid/os/Trace;->asyncTraceEnd(JLjava/lang/String;I)V (unsupported, reflection, allowed)
04-13 15:40:26.315 14372 14419 I cr_WVCFactoryProvider: Loaded version=113.0.5672.136 minSdkVersion=29 isBundle=false multiprocess=true packageId=2
04-13 15:40:26.334 14372 14427 I cr_VariationsUtils: Failed reading seed file "/data/user/0/com.myproject/app_webview/variations_seed_new"
04-13 15:40:26.334 14372 14427 I cr_VariationsUtils: Failed reading seed file "/data/user/0/com.myproject/app_webview/variations_seed"
04-13 15:40:26.342 14372 14419 I cr_LibraryLoader: Successfully loaded native library
04-13 15:40:26.343 14372 14419 I cr_CachingUmaRecorder: Flushed 8 samples from 8 histograms.
04-13 15:40:26.354 14372 14430 D TrafficStats: tagSocket(117) with statsTag=0xffffffff, statsUid=-1
04-13 15:40:26.420   359   407 I netd    : tetherGetStats() -> {[]} <0.67ms>
04-13 15:40:26.432   359   407 I netd    : bandwidthSetGlobalAlert(2097152) <0.13ms>
04-13 15:40:26.434   359   407 I netd    : bandwidthRemoveInterfaceQuota(eth0) <0.64ms>
04-13 15:40:26.435   359   407 I netd    : bandwidthSetInterfaceQuota(eth0, 9223372036854775807) <0.37ms>
04-13 15:40:26.464 14372 14418 W unknown:ViewManagerPropertyUpdater: Could not find generated setter for class com.th3rdwave.safeareacontext.SafeAreaProviderManager
04-13 15:40:26.476 14372 14418 W unknown:ViewManagerPropertyUpdater: Could not find generated setter for class com.facebook.react.uimanager.LayoutShadowNode
04-13 15:40:26.481 14372 14418 W unknown:ViewManagerPropertyUpdater: Could not find generated setter for class com.swmansion.rnscreens.SearchBarManager
04-13 15:40:26.483 14372 14418 W unknown:ViewManagerPropertyUpdater: Could not find generated setter for class com.swmansion.rnscreens.ScreenFooterManager
04-13 15:40:26.485 14372 14418 W unknown:ViewManagerPropertyUpdater: Could not find generated setter for class com.swmansion.rnscreens.ScreenContainerViewManager
04-13 15:40:26.499 14372 14418 W unknown:ViewManagerPropertyUpdater: Could not find generated setter for class com.swmansion.rnscreens.ModalScreenViewManager
04-13 15:40:26.503 14372 14418 W unknown:ViewManagerPropertyUpdater: Could not find generated setter for class com.swmansion.rnscreens.ScreenStackHeaderConfigViewManager
04-13 15:40:26.507 14372 14418 W unknown:ViewManagerPropertyUpdater: Could not find generated setter for class com.swmansion.rnscreens.ScreenContentWrapperManager
04-13 15:40:26.510 14372 14418 W unknown:ViewManagerPropertyUpdater: Could not find generated setter for class com.swmansion.rnscreens.gamma.tabs.TabsScreenViewManager
04-13 15:40:26.513 14372 14418 W unknown:ViewManagerPropertyUpdater: Could not find generated setter for class com.th3rdwave.safeareacontext.SafeAreaViewManager
04-13 15:40:26.517 14372 14418 W unknown:ViewManagerPropertyUpdater: Could not find generated setter for class com.th3rdwave.safeareacontext.SafeAreaViewShadowNode
04-13 15:40:26.520 14372 14418 W unknown:ViewManagerPropertyUpdater: Could not find generated setter for class com.swmansion.rnscreens.safearea.SafeAreaViewManager
04-13 15:40:26.522 14372 14418 W unknown:ViewManagerPropertyUpdater: Could not find generated setter for class com.swmansion.rnscreens.safearea.paper.SafeAreaViewShadowNode
04-13 15:40:26.524 14372 14418 W unknown:ViewManagerPropertyUpdater: Could not find generated setter for class com.swmansion.rnscreens.ScreenViewManager
04-13 15:40:26.525 14372 14418 W unknown:ViewManagerPropertyUpdater: Could not find generated setter for class com.swmansion.rnscreens.gamma.stack.host.StackHostViewManager
04-13 15:40:26.526 14372 14418 W unknown:ViewManagerPropertyUpdater: Could not find generated setter for class com.swmansion.rnscreens.ScreenStackHeaderSubviewManager
04-13 15:40:26.530 14372 14418 W unknown:ViewManagerPropertyUpdater: Could not find generated setter for class com.swmansion.rnscreens.gamma.stack.screen.StackScreenViewManager
04-13 15:40:26.532 14372 14418 W unknown:ViewManagerPropertyUpdater: Could not find generated setter for class com.reactnativecommunity.picker.ReactDialogPickerManager
04-13 15:40:26.534 14372 14418 W unknown:ViewManagerPropertyUpdater: Could not find generated setter for class com.reactnativecommunity.picker.ReactPickerShadowNode
